Component: ARM Compiler 5.06 update 1 (build 61) Tool: armlink [4d35a8]

==============================================================================

Section Cross References

    startup_stm32f407xx.o(RESET) refers to startup_stm32f407xx.o(STACK) for __initial_sp
    startup_stm32f407xx.o(RESET) refers to startup_stm32f407xx.o(.text) for Reset_Handler
    startup_stm32f407xx.o(RESET) refers to stm32f4xx_it.o(i.NMI_Handler) for NMI_Handler
    startup_stm32f407xx.o(RESET) refers to stm32f4xx_it.o(i.HardFault_Handler) for HardFault_Handler
    startup_stm32f407xx.o(RESET) refers to stm32f4xx_it.o(i.MemManage_Handler) for MemManage_Handler
    startup_stm32f407xx.o(RESET) refers to stm32f4xx_it.o(i.BusFault_Handler) for BusFault_Handler
    startup_stm32f407xx.o(RESET) refers to stm32f4xx_it.o(i.UsageFault_Handler) for UsageFault_Handler
    startup_stm32f407xx.o(RESET) refers to port.o(.emb_text) for SVC_Handler
    startup_stm32f407xx.o(RESET) refers to stm32f4xx_it.o(i.DebugMon_Handler) for DebugMon_Handler
    startup_stm32f407xx.o(RESET) refers to cmsis_os2.o(i.SysTick_Handler) for SysTick_Handler
    startup_stm32f407xx.o(RESET) refers to stm32f4xx_it.o(i.DMA1_Stream5_IRQHandler) for DMA1_Stream5_IRQHandler
    startup_stm32f407xx.o(RESET) refers to stm32f4xx_it.o(i.USART1_IRQHandler) for USART1_IRQHandler
    startup_stm32f407xx.o(RESET) refers to stm32f4xx_it.o(i.USART2_IRQHandler) for USART2_IRQHandler
    startup_stm32f407xx.o(RESET) refers to stm32f4xx_it.o(i.TIM7_IRQHandler) for TIM7_IRQHandler
    startup_stm32f407xx.o(RESET) refers to stm32f4xx_it.o(i.DMA2_Stream1_IRQHandler) for DMA2_Stream1_IRQHandler
    startup_stm32f407xx.o(RESET) refers to stm32f4xx_it.o(i.DMA2_Stream2_IRQHandler) for DMA2_Stream2_IRQHandler
    startup_stm32f407xx.o(RESET) refers to stm32f4xx_it.o(i.USART6_IRQHandler) for USART6_IRQHandler
    startup_stm32f407xx.o(.text) refers to system_stm32f4xx.o(i.SystemInit) for SystemInit
    startup_stm32f407xx.o(.text) refers to entry.o(.ARM.Collect$$$$00000000) for __main
    tnb.o(.constdata) refers to tnb.o(.constdata) for _acTNB
    tnb.o(.constdata) refers to tnb.o(.constdata) for _PalTNB
    wyf.o(.constdata) refers to wyf.o(.constdata) for _acWYF
    wyf.o(.constdata) refers to wyf.o(.constdata) for _PalWYF
    kaiti_16.o(.constdata) refers to kaiti_16.o(.constdata) for acFontHZKaiTi_16_0020
    kaiti_16.o(.constdata) refers to kaiti_16.o(.constdata) for acFontHZKaiTi_16_0021
    kaiti_16.o(.constdata) refers to kaiti_16.o(.constdata) for acFontHZKaiTi_16_0022
    kaiti_16.o(.constdata) refers to kaiti_16.o(.constdata) for acFontHZKaiTi_16_0023
    kaiti_16.o(.constdata) refers to kaiti_16.o(.constdata) for acFontHZKaiTi_16_0024
    kaiti_16.o(.constdata) refers to kaiti_16.o(.constdata) for acFontHZKaiTi_16_0025
    kaiti_16.o(.constdata) refers to kaiti_16.o(.constdata) for acFontHZKaiTi_16_0026
    kaiti_16.o(.constdata) refers to kaiti_16.o(.constdata) for acFontHZKaiTi_16_0027
    kaiti_16.o(.constdata) refers to kaiti_16.o(.constdata) for acFontHZKaiTi_16_0028
    kaiti_16.o(.constdata) refers to kaiti_16.o(.constdata) for acFontHZKaiTi_16_0029
    kaiti_16.o(.constdata) refers to kaiti_16.o(.constdata) for acFontHZKaiTi_16_002a
    kaiti_16.o(.constdata) refers to kaiti_16.o(.constdata) for acFontHZKaiTi_16_002b
    kaiti_16.o(.constdata) refers to kaiti_16.o(.constdata) for acFontHZKaiTi_16_002c
    kaiti_16.o(.constdata) refers to kaiti_16.o(.constdata) for acFontHZKaiTi_16_002d
    kaiti_16.o(.constdata) refers to kaiti_16.o(.constdata) for acFontHZKaiTi_16_002e
    kaiti_16.o(.constdata) refers to kaiti_16.o(.constdata) for acFontHZKaiTi_16_002f
    kaiti_16.o(.constdata) refers to kaiti_16.o(.constdata) for acFontHZKaiTi_16_0030
    kaiti_16.o(.constdata) refers to kaiti_16.o(.constdata) for acFontHZKaiTi_16_0031
    kaiti_16.o(.constdata) refers to kaiti_16.o(.constdata) for acFontHZKaiTi_16_0032
    kaiti_16.o(.constdata) refers to kaiti_16.o(.constdata) for acFontHZKaiTi_16_0033
    kaiti_16.o(.constdata) refers to kaiti_16.o(.constdata) for acFontHZKaiTi_16_0034
    kaiti_16.o(.constdata) refers to kaiti_16.o(.constdata) for acFontHZKaiTi_16_0035
    kaiti_16.o(.constdata) refers to kaiti_16.o(.constdata) for acFontHZKaiTi_16_0036
    kaiti_16.o(.constdata) refers to kaiti_16.o(.constdata) for acFontHZKaiTi_16_0037
    kaiti_16.o(.constdata) refers to kaiti_16.o(.constdata) for acFontHZKaiTi_16_0038
    kaiti_16.o(.constdata) refers to kaiti_16.o(.constdata) for acFontHZKaiTi_16_0039
    kaiti_16.o(.constdata) refers to kaiti_16.o(.constdata) for acFontHZKaiTi_16_003a
    kaiti_16.o(.constdata) refers to kaiti_16.o(.constdata) for acFontHZKaiTi_16_003b
    kaiti_16.o(.constdata) refers to kaiti_16.o(.constdata) for acFontHZKaiTi_16_003c
    kaiti_16.o(.constdata) refers to kaiti_16.o(.constdata) for acFontHZKaiTi_16_003d
    kaiti_16.o(.constdata) refers to kaiti_16.o(.constdata) for acFontHZKaiTi_16_003e
[...]
    0x08000980   0x0000006e   Code   RO         7817    .text               mf_w.l(fepilogue.o)
    0x080009ee   0x000000ba   Code   RO         7819    .text               mf_w.l(depilogue.o)
    0x08000aa8   0x0000002e   Code   RO         7823    .text               mf_w.l(dscalb.o)
    0x08000ad6   0x00000030   Code   RO         7825    .text               mf_w.l(dfixul.o)
    0x08000b06   0x00000002   PAD
    0x08000b08   0x00000024   Code   RO         7827    .text               mc_w.l(init.o)
    0x08000b2c   0x00000008   Code   RO         7831    .text               mc_w.l(ctype_o.o)
    0x08000b34   0x00000012   Code   RO         7853    .text               mc_w.l(isspace_o.o)
    0x08000b46   0x00000002   PAD
    0x08000b48   0x00000338   Code   RO         7859    .text               mc_w.l(scanf_fp.o)
    0x08000e80   0x00000040   Code   RO         7863    .text               mc_w.l(_sgetc.o)
    0x08000ec0   0x0000009e   Code   RO         7865    .text               mc_w.l(_strtoul.o)
    0x08000f5e   0x000000a2   Code   RO         7867    .text               mf_w.l(dsqrt.o)
    0x08001000   0x0000001c   Code   RO         7874    .text               mc_w.l(_chval.o)
    0x0800101c   0x00000018   Code   RO         7876    .text               mf_w.l(dfltul.o)
    0x08001034   0x00000056   Code   RO         7886    .text               mc_w.l(__dczerorl2.o)
    0x0800108a   0x00000002   PAD
    0x0800108c   0x00000030   Code   RO          775    i.BeepDone          freertos.o
    0x080010bc   0x00000058   Code   RO          776    i.BeepWork          freertos.o
    0x08001114   0x00000024   Code   RO          777    i.BtoKB             freertos.o
    0x08001138   0x00000002   Code   RO         1075    i.BusFault_Handler  stm32f4xx_it.o
    0x0800113a   0x00000032   Code   RO         7266    i.ClearTail         hc05.o
    0x0800116c   0x0000000c   Code   RO         1076    i.DMA1_Stream5_IRQHandler  stm32f4xx_it.o
    0x08001178   0x0000000c   Code   RO         1077    i.DMA2_Stream1_IRQHandler  stm32f4xx_it.o
    0x08001184   0x0000000c   Code   RO         1078    i.DMA2_Stream2_IRQHandler  stm32f4xx_it.o
    0x08001190   0x00000028   Code   RO         1697    i.DMA_CalcBaseAndBitshift  stm32f4xx_hal_dma.o
    0x080011b8   0x00000054   Code   RO         1698    i.DMA_CheckFifoParam  stm32f4xx_hal_dma.o
    0x0800120c   0x00000028   Code   RO         1699    i.DMA_SetConfig     stm32f4xx_hal_dma.o
    0x08001234   0x00000050   Code   RO         6204    i.DS18B20Init       ds_18b20.o
    0x08001284   0x0000006c   Code   RO         6205    i.DS18B20ReadByte   ds_18b20.o
    0x080012f0   0x00000016   Code   RO         6206    i.DS18B20StartConvert  ds_18b20.o
    0x08001306   0x00000002   PAD
    0x08001308   0x00000050   Code   RO         6207    i.DS18B20WriteByte  ds_18b20.o
    0x08001358   0x00000040   Code   RO         6208    i.DS18B20_Configuration  ds_18b20.o
    0x08001398   0x00000024   Code   RO         6209    i.DWT_Init          ds_18b20.o
    0x080013bc   0x00000002   Code   RO         1079    i.DebugMon_Handler  stm32f4xx_it.o
    0x080013be   0x0000002a   Code   RO          778    i.DispSeg           freertos.o
    0x080013e8   0x00000168   Code   RO         5510    i.DrawBitLine1BPP   guislim.o
    0x08001550   0x00000388   Code   RO          779    i.DrawGUI1          freertos.o
    0x080018d8   0x00000454   Code   RO          780    i.DrawGUI2          freertos.o
    0x08001d2c   0x000001ec   Code   RO          781    i.DrawGUI3          freertos.o
    0x08001f18   0x000001ec   Code   RO          782    i.DrawGUI4          freertos.o
    0x08002104   0x0000011c   Code   RO          783    i.DrawLogo          freertos.o
    0x08002220   0x00000004   Code   RO          534    i.Error_Handler     main.o
    0x08002224   0x0000001c   Code   RO         5511    i.GL_DispChar       guislim.o
    0x08002240   0x0000001c   Code   RO         5512    i.GL_DrawBitmap     guislim.o
    0x0800225c   0x00000080   Code   RO         5517    i.GUIPROP_DispChar  guislim.o
    0x080022dc   0x00000016   Code   RO         5518    i.GUIPROP_FindChar  guislim.o
    0x080022f2   0x00000002   PAD
    0x080022f4   0x0000002c   Code   RO         5519    i.GUIPROP_GetCharDistX  guislim.o
    0x08002320   0x00000006   Code   RO         5520    i.GUIPROP_GetFontInfo  guislim.o
    0x08002326   0x00000010   Code   RO         5521    i.GUIPROP_IsInFont  guislim.o
    0x08002336   0x0000001a   Code   RO         5522    i.GUI_Clear         guislim.o
    0x08002350   0x00000014   Code   RO         5523    i.GUI_ClearRect     guislim.o
    0x08002364   0x00000014   Code   RO         5527    i.GUI_DispNextLine  guislim.o
    0x08002378   0x000000f0   Code   RO         5528    i.GUI_DispString    guislim.o
    0x08002468   0x00000010   Code   RO         5529    i.GUI_DispStringAt  guislim.o
    0x08002478   0x00000004   Code   RO         5534    i.GUI_DrawBitmap    guislim.o
    0x0800247c   0x0000000a   Code   RO         5537    i.GUI_DrawHLine     guislim.o
    0x08002486   0x00000002   PAD
    0x08002488   0x0000001c   Code   RO         5538    i.GUI_DrawLine      guislim.o
    0x080024a4   0x00000038   Code   RO         5540    i.GUI_DrawPoint     guislim.o
    0x080024dc   0x00000032   Code   RO         5541    i.GUI_DrawRect      guislim.o
    0x0800250e   0x00000004   Code   RO         5542    i.GUI_DrawVLine     guislim.o
    0x08002512   0x00000022   Code   RO         5545    i.GUI_FillRect      guislim.o
    0x08002534   0x0000000c   Code   RO         5546    i.GUI_GetCharDistX  guislim.o
    0x08002540   0x0000000c   Code   RO         5552    i.GUI_GetFontDistY  guislim.o
    0x0800254c   0x0000002c   Code   RO         5559    i.GUI_GetYAdjust    guislim.o
    0x08002578   0x00000014   Code   RO         5564    i.GUI_GotoXY        guislim.o
    0x0800258c   0x0000003c   Code   RO         5566    i.GUI_Init          guislim.o
    0x080025c8   0x00000010   Code   RO         5568    i.GUI_SetColor      guislim.o
    0x080025d8   0x00000010   Code   RO         5569    i.GUI_SetFont       guislim.o
    0x080025e8   0x0000000c   Code   RO         5575    i.GUI_UC__NumChars2NumBytes  guislim.o
    0x080025f4   0x00000004   Code   RO         5576    i.GUI_Update        guislim.o
    0x080025f8   0x00000034   Code   RO         5577    i.GUI__DispLine     guislim.o
    0x0800262c   0x00000032   Code   RO         5579    i.GUI__GetLineDistX  guislim.o
    0x0800265e   0x00000022   Code   RO         5580    i.GUI__GetLineNumChars  guislim.o
    0x08002680   0x0000008e   Code   RO         1700    i.HAL_DMA_Abort     stm32f4xx_hal_dma.o
    0x0800270e   0x00000024   Code   RO         1701    i.HAL_DMA_Abort_IT  stm32f4xx_hal_dma.o
    0x08002732   0x00000002   PAD
    0x08002734   0x000001a0   Code   RO         1705    i.HAL_DMA_IRQHandler  stm32f4xx_hal_dma.o
    0x080028d4   0x000000d4   Code   RO         1706    i.HAL_DMA_Init      stm32f4xx_hal_dma.o
    0x080029a8   0x0000006e   Code   RO         1710    i.HAL_DMA_Start_IT  stm32f4xx_hal_dma.o
    0x08002a16   0x00000002   PAD
    0x08002a18   0x00000024   Code   RO         2119    i.HAL_Delay         stm32f4xx_hal.o
    0x08002a3c   0x000001ec   Code   RO         1593    i.HAL_GPIO_Init     stm32f4xx_hal_gpio.o
    0x08002c28   0x0000000a   Code   RO         1595    i.HAL_GPIO_ReadPin  stm32f4xx_hal_gpio.o
    0x08002c32   0x0000000a   Code   RO         1597    i.HAL_GPIO_WritePin  stm32f4xx_hal_gpio.o
    0x08002c3c   0x0000000c   Code   RO         2125    i.HAL_GetTick       stm32f4xx_hal.o
    0x08002c48   0x00000010   Code   RO         2131    i.HAL_IncTick       stm32f4xx_hal.o
    0x08002c58   0x00000034   Code   RO         2132    i.HAL_Init          stm32f4xx_hal.o
    0x08002c8c   0x00000074   Code   RO         1199    i.HAL_InitTick      stm32f4xx_hal_timebase_tim.o
    0x08002d00   0x00000038   Code   RO         1175    i.HAL_MspInit       stm32f4xx_hal_msp.o
    0x08002d38   0x0000001a   Code   RO         1982    i.HAL_NVIC_EnableIRQ  stm32f4xx_hal_cortex.o
    0x08002d52   0x00000002   PAD
    0x08002d54   0x00000040   Code   RO         1988    i.HAL_NVIC_SetPriority  stm32f4xx_hal_cortex.o
    0x08002d94   0x00000024   Code   RO         1989    i.HAL_NVIC_SetPriorityGrouping  stm32f4xx_hal_cortex.o
    0x08002db8   0x00000134   Code   RO         1239    i.HAL_RCC_ClockConfig  stm32f4xx_hal_rcc.o
    0x08002eec   0x00000040   Code   RO         1243    i.HAL_RCC_GetClockConfig  stm32f4xx_hal_rcc.o
    0x08002f2c   0x00000020   Code   RO         1246    i.HAL_RCC_GetPCLK1Freq  stm32f4xx_hal_rcc.o
    0x08002f4c   0x00000020   Code   RO         1247    i.HAL_RCC_GetPCLK2Freq  stm32f4xx_hal_rcc.o
    0x08002f6c   0x00000060   Code   RO         1248    i.HAL_RCC_GetSysClockFreq  stm32f4xx_hal_rcc.o
    0x08002fcc   0x0000036c   Code   RO         1251    i.HAL_RCC_OscConfig  stm32f4xx_hal_rcc.o
    0x08003338   0x00000002   Code   RO         3076    i.HAL_TIMEx_BreakCallback  stm32f4xx_hal_tim_ex.o
    0x0800333a   0x00000002   Code   RO         3077    i.HAL_TIMEx_CommutCallback  stm32f4xx_hal_tim_ex.o
    0x0800333c   0x00000090   Code   RO         3095    i.HAL_TIMEx_MasterConfigSynchronization  stm32f4xx_hal_tim_ex.o
    0x080033cc   0x0000005a   Code   RO         2372    i.HAL_TIM_Base_Init  stm32f4xx_hal_tim.o
    0x08003426   0x00000002   PAD
    0x08003428   0x00000028   Code   RO          974    i.HAL_TIM_Base_MspInit  tim.o
    0x08003450   0x00000078   Code   RO         2375    i.HAL_TIM_Base_Start  stm32f4xx_hal_tim.o
    0x080034c8   0x00000080   Code   RO         2377    i.HAL_TIM_Base_Start_IT  stm32f4xx_hal_tim.o
    0x08003548   0x000000d6   Code   RO         2381    i.HAL_TIM_ConfigClockSource  stm32f4xx_hal_tim.o
    0x0800361e   0x00000002   Code   RO         2406    i.HAL_TIM_IC_CaptureCallback  stm32f4xx_hal_tim.o
    0x08003620   0x00000166   Code   RO         2420    i.HAL_TIM_IRQHandler  stm32f4xx_hal_tim.o
    0x08003786   0x00000002   PAD
    0x08003788   0x00000050   Code   RO          975    i.HAL_TIM_MspPostInit  tim.o
    0x080037d8   0x00000002   Code   RO         2423    i.HAL_TIM_OC_DelayElapsedCallback  stm32f4xx_hal_tim.o
    0x080037da   0x000000c6   Code   RO         2444    i.HAL_TIM_PWM_ConfigChannel  stm32f4xx_hal_tim.o
    0x080038a0   0x0000005a   Code   RO         2447    i.HAL_TIM_PWM_Init  stm32f4xx_hal_tim.o
    0x080038fa   0x00000002   Code   RO         2449    i.HAL_TIM_PWM_MspInit  stm32f4xx_hal_tim.o
    0x080038fc   0x00000002   Code   RO         2450    i.HAL_TIM_PWM_PulseFinishedCallback  stm32f4xx_hal_tim.o
    0x080038fe   0x00000002   PAD
    0x08003900   0x000000c8   Code   RO         2452    i.HAL_TIM_PWM_Start  stm32f4xx_hal_tim.o
    0x080039c8   0x0000007c   Code   RO         2455    i.HAL_TIM_PWM_Stop  stm32f4xx_hal_tim.o
    0x08003a44   0x00000014   Code   RO          535    i.HAL_TIM_PeriodElapsedCallback  main.o
    0x08003a58   0x00000002   Code   RO         2463    i.HAL_TIM_TriggerCallback  stm32f4xx_hal_tim.o
    0x08003a5a   0x00000002   Code   RO         3354    i.HAL_UARTEx_RxEventCallback  stm32f4xx_hal_uart.o
    0x08003a5c   0x00000058   Code   RO         3366    i.HAL_UART_DMAStop  stm32f4xx_hal_uart.o
    0x08003ab4   0x00000002   Code   RO         3368    i.HAL_UART_ErrorCallback  stm32f4xx_hal_uart.o
    0x08003ab6   0x00000002   PAD
    0x08003ab8   0x00000210   Code   RO         3371    i.HAL_UART_IRQHandler  stm32f4xx_hal_uart.o
    0x08003cc8   0x00000062   Code   RO         3372    i.HAL_UART_Init     stm32f4xx_hal_uart.o
    0x08003d2a   0x00000002   PAD
    0x08003d2c   0x000001b8   Code   RO         1022    i.HAL_UART_MspInit  usart.o
    0x08003ee4   0x0000002a   Code   RO         3376    i.HAL_UART_Receive_DMA  stm32f4xx_hal_uart.o
    0x08003f0e   0x00000002   Code   RO         3378    i.HAL_UART_RxCpltCallback  stm32f4xx_hal_uart.o
    0x08003f10   0x00000002   Code   RO         3379    i.HAL_UART_RxHalfCpltCallback  stm32f4xx_hal_uart.o
    0x08003f12   0x00000002   PAD
    0x08003f14   0x000000b2   Code   RO         3380    i.HAL_UART_Transmit  stm32f4xx_hal_uart.o
    0x08003fc6   0x00000002   Code   RO         3383    i.HAL_UART_TxCpltCallback  stm32f4xx_hal_uart.o
    0x08003fc8   0x00000078   Code   RO         7267    i.HC05IdleCallBack  hc05.o
    0x08004040   0x0000009c   Code   RO         7268    i.HC05_AtCmd        hc05.o
    0x080040dc   0x00000044   Code   RO         7269    i.HC05_AtMode       hc05.o
    0x08004120   0x00000040   Code   RO         7271    i.HC05_GetName      hc05.o
    0x08004160   0x00000080   Code   RO         7272    i.HC05_Init         hc05.o
    0x080041e0   0x00000028   Code   RO         7273    i.HC05_IsConn       hc05.o
    0x08004208   0x00000038   Code   RO         7274    i.HC05_IsOK         hc05.o
    0x08004240   0x00000194   Code   RO         7275    i.HC05_Proc         hc05.o
    0x080043d4   0x0000004c   Code   RO         7279    i.HC05_SetRole      hc05.o
    0x08004420   0x00000024   Code   RO         7280    i.HC05_Wait         hc05.o
    0x08004444   0x00000002   Code   RO         1080    i.HardFault_Handler  stm32f4xx_it.o
    0x08004446   0x00000002   PAD
    0x08004448   0x00000060   Code   RO         6860    i.I2C_SendByte      stm32_i2c.o
    0x080044a8   0x0000005c   Code   RO         6861    i.I2C_Start         stm32_i2c.o
    0x08004504   0x0000004c   Code   RO         6862    i.I2C_Stop          stm32_i2c.o
    0x08004550   0x0000005c   Code   RO         6863    i.I2C_WaitAck       stm32_i2c.o
    0x080045ac   0x0000000e   Code   RO         6157    i.I2C_delay         ssd1306_i2c.o
    0x080045ba   0x0000000e   Code   RO         6864    i.I2C_delay         stm32_i2c.o
    0x080045c8   0x00000058   Code   RO          784    i.InitHC05          freertos.o
    0x08004620   0x00000088   Code   RO         5584    i.LCD_DrawBitmap1BPP  guislim.o
    0x080046a8   0x00000044   Code   RO         5585    i.LCD_DrawHLine     guislim.o
    0x080046ec   0x00000044   Code   RO         5587    i.LCD_DrawVLine     guislim.o
    0x08004730   0x00000034   Code   RO         5591    i.LCD_L0_DrawBitmap1BPP  guislim.o
    0x08004764   0x00000032   Code   RO         6979    i.MATRIX_copy       transform_3d.o
    0x08004796   0x00000002   PAD
    0x08004798   0x0000005e   Code   RO         6980    i.MATRIX_multiply   transform_3d.o
    0x080047f6   0x00000002   PAD
    0x080047f8   0x000001d4   Code   RO         6806    i.MPU_getdata       mpu6050.o
    0x080049cc   0x0000039c   Code   RO         6807    i.MPU_init          mpu6050.o
    0x08004d68   0x0000005c   Code   RO          949    i.MX_DMA_Init       dma.o
    0x08004dc4   0x00000068   Code   RO          785    i.MX_FREERTOS_Init  freertos.o
    0x08004e2c   0x00000188   Code   RO          720    i.MX_GPIO_Init      gpio.o
    0x08004fb4   0x0000009c   Code   RO          976    i.MX_TIM3_Init      tim.o
    0x08005050   0x00000038   Code   RO         1023    i.MX_USART1_UART_Init  usart.o
    0x08005088   0x00000038   Code   RO         1024    i.MX_USART2_UART_Init  usart.o
    0x080050c0   0x00000038   Code   RO         1025    i.MX_USART6_UART_Init  usart.o
    0x080050f8   0x00000002   Code   RO         1081    i.MemManage_Handler  stm32f4xx_it.o
    0x080050fa   0x00000002   Code   RO         1082    i.NMI_Handler       stm32f4xx_it.o
    0x080050fc   0x00000034   Code   RO         6158    i.OLED_IIC_Ack      ssd1306_i2c.o
    0x08005130   0x00000058   Code   RO         6159    i.OLED_IIC_SendByte  ssd1306_i2c.o
    0x08005188   0x0000003c   Code   RO         6160    i.OLED_IIC_Start    ssd1306_i2c.o
    0x080051c4   0x0000003c   Code   RO         6161    i.OLED_IIC_Stop     ssd1306_i2c.o
    0x08005200   0x0000001a   Code   RO         6981    i.OrtProject        transform_3d.o
    0x0800521a   0x00000002   PAD
    0x0800521c   0x0000005c   Code   RO         6982    i.PerProject        transform_3d.o
    0x08005278   0x00000128   Code   RO         6945    i.RateCube          3d_rotateapplication.o
    0x080053a0   0x00000080   Code   RO         6211    i.ResetDS18B20      ds_18b20.o
    0x08005420   0x000000ca   Code   RO         6946    i.RotatePic32X32    3d_rotateapplication.o
    0x080054ea   0x00000002   PAD
    0x080054ec   0x000001e8   Code   RO         6983    i.Rotate_3D         transform_3d.o
    0x080056d4   0x00000056   Code   RO         6032    i.SSD1306_DrawFilledRectangle  ssd1306.o
    0x0800572a   0x0000010a   Code   RO         6034    i.SSD1306_DrawLine  ssd1306.o
    0x08005834   0x00000040   Code   RO         6035    i.SSD1306_DrawPixel  ssd1306.o
    0x08005874   0x00000018   Code   RO         6038    i.SSD1306_Fill      ssd1306.o
    0x0800588c   0x00000040   Code   RO         6043    i.SSD1306_UpdateScreen  ssd1306.o
    0x080058cc   0x00000030   Code   RO         6044    i.SSD1306_WriteByte  ssd1306.o
    0x080058fc   0x0000003e   Code   RO         6045    i.SSD1306_WriteMuliByte  ssd1306.o
    0x0800593a   0x00000002   PAD
    0x0800593c   0x0000010c   Code   RO         6046    i.SSD1306_init      ssd1306.o
    0x08005a48   0x00000068   Code   RO         6984    i.Scale_3D          transform_3d.o
    0x08005ab0   0x00000090   Code   RO          721    i.ScanKey           gpio.o
    0x08005b40   0x00000088   Code   RO          722    i.SetLeds           gpio.o
    0x08005bc8   0x000003c4   Code   RO          786    i.StartDataTask     freertos.o
    0x08005f8c   0x00000040   Code   RO          787    i.StartGUITask      freertos.o
    0x08005fcc   0x0000020c   Code   RO          788    i.StartKeyTask      freertos.o
    0x080061d8   0x000001b0   Code   RO          789    i.StartMainTask     freertos.o
    0x08006388   0x00000020   Code   RO         7068    i.StartRecvUart1    comm.o
    0x080063a8   0x00000020   Code   RO         7281    i.StartRecvUart2    hc05.o
    0x080063c8   0x000001cc   Code   RO          790    i.StartUartTask     freertos.o
    0x08006594   0x0000001a   Code   RO         4845    i.SysTick_Handler   cmsis_os2.o
    0x080065ae   0x00000002   PAD
    0x080065b0   0x00000094   Code   RO          536    i.SystemClock_Config  main.o
    0x08006644   0x00000010   Code   RO         3701    i.SystemInit        system_stm32f4xx.o
    0x08006654   0x0000000c   Code   RO         1083    i.TIM7_IRQHandler   stm32f4xx_it.o
    0x08006660   0x000000c8   Code   RO         2465    i.TIM_Base_SetConfig  stm32f4xx_hal_tim.o
    0x08006728   0x0000001a   Code   RO         2466    i.TIM_CCxChannelCmd  stm32f4xx_hal_tim.o
    0x08006742   0x00000014   Code   RO         2476    i.TIM_ETR_SetConfig  stm32f4xx_hal_tim.o
    0x08006756   0x00000010   Code   RO         2477    i.TIM_ITRx_SetConfig  stm32f4xx_hal_tim.o
    0x08006766   0x00000002   PAD
    0x08006768   0x00000060   Code   RO         2478    i.TIM_OC1_SetConfig  stm32f4xx_hal_tim.o
    0x080067c8   0x0000006c   Code   RO         2479    i.TIM_OC2_SetConfig  stm32f4xx_hal_tim.o
    0x08006834   0x00000068   Code   RO         2480    i.TIM_OC3_SetConfig  stm32f4xx_hal_tim.o
    0x0800689c   0x00000050   Code   RO         2481    i.TIM_OC4_SetConfig  stm32f4xx_hal_tim.o
    0x080068ec   0x00000022   Code   RO         2483    i.TIM_TI1_ConfigInputStage  stm32f4xx_hal_tim.o
    0x0800690e   0x00000024   Code   RO         2485    i.TIM_TI2_ConfigInputStage  stm32f4xx_hal_tim.o
    0x08006932   0x00000002   PAD
    0x08006934   0x00000080   Code   RO         6985    i.Translate3D       transform_3d.o
    0x080069b4   0x00000010   Code   RO         3385    i.UART_DMAAbortOnError  stm32f4xx_hal_uart.o
    0x080069c4   0x0000004a   Code   RO         3386    i.UART_DMAError     stm32f4xx_hal_uart.o
    0x08006a0e   0x0000005a   Code   RO         3387    i.UART_DMAReceiveCplt  stm32f4xx_hal_uart.o
    0x08006a68   0x0000001a   Code   RO         3389    i.UART_DMARxHalfCplt  stm32f4xx_hal_uart.o
    0x08006a82   0x00000030   Code   RO         3395    i.UART_EndRxTransfer  stm32f4xx_hal_uart.o
    0x08006ab2   0x00000012   Code   RO         3396    i.UART_EndTxTransfer  stm32f4xx_hal_uart.o
    0x08006ac4   0x000000ae   Code   RO         3397    i.UART_Receive_IT   stm32f4xx_hal_uart.o
    0x08006b72   0x00000002   PAD
    0x08006b74   0x0000010c   Code   RO         3398    i.UART_SetConfig    stm32f4xx_hal_uart.o
    0x08006c80   0x00000070   Code   RO         3399    i.UART_Start_Receive_DMA  stm32f4xx_hal_uart.o
    0x08006cf0   0x00000064   Code   RO         3401    i.UART_WaitOnFlagUntilTimeout  stm32f4xx_hal_uart.o
    0x08006d54   0x00000018   Code   RO         1084    i.USART1_IRQHandler  stm32f4xx_it.o
    0x08006d6c   0x00000018   Code   RO         1085    i.USART2_IRQHandler  stm32f4xx_it.o
    0x08006d84   0x0000000c   Code   RO         1086    i.USART6_IRQHandler  stm32f4xx_it.o
    0x08006d90   0x00000034   Code   RO         7069    i.USendCMD          comm.o
    0x08006dc4   0x0000000a   Code   RO         7070    i.USendStr          comm.o
    0x08006dce   0x00000002   PAD
    0x08006dd0   0x00000078   Code   RO         7071    i.Uart1IdleCallback  comm.o
    0x08006e48   0x00000002   Code   RO         1087    i.UsageFault_Handler  stm32f4xx_it.o
    0x08006e4a   0x00000002   PAD
    0x08006e4c   0x0000005c   Code   RO          791    i.WSLogo            freertos.o
    0x08006ea8   0x000000c4   Code   RO          723    i.Write595          gpio.o
    0x08006f6c   0x0000000c   Code   RO         5593    i._GotoX            guislim.o
    0x08006f78   0x0000000c   Code   RO         5594    i._GotoY            guislim.o
    0x08006f84   0x00000020   Code   RO         7685    i.__0printf         mc_w.l(printfa.o)
    0x08006fa4   0x00000028   Code   RO         7687    i.__0sprintf        mc_w.l(printfa.o)
    0x08006fcc   0x00000030   Code   RO         7765    i.__ARM_fpclassify  m_wm.l(fpclassify.o)
    0x08006ffc   0x00000020   Code   RO         1995    i.__NVIC_SetPriority  stm32f4xx_hal_cortex.o
    0x0800701c   0x00000008   Code   RO         7805    i.__aeabi_errno_addr  mc_w.l(errno.o)
    0x08007024   0x00000004   PAD
    0x08007028   0x00000360   Code   RO         7383    i.__hardfp_asin     m_wm.l(asin.o)
    0x08007388   0x000002d8   Code   RO         7731    i.__hardfp_atan     m_wm.l(atan.o)
    0x08007660   0x000001f0   Code   RO         7397    i.__hardfp_atan2    m_wm.l(atan2.o)
    0x08007850   0x00000038   Code   RO         7409    i.__hardfp_atof     m_wm.l(atof.o)
    0x08007888   0x00000c50   Code   RO         7415    i.__hardfp_pow      m_wm.l(pow.o)
    0x080084d8   0x000000f8   Code   RO         7767    i.__kernel_poly     m_wm.l(poly.o)
    0x080085d0   0x00000030   Code   RO         7745    i.__mathlib_dbl_divzero  m_wm.l(dunder.o)
    0x08008600   0x00000014   Code   RO         7746    i.__mathlib_dbl_infnan  m_wm.l(dunder.o)
    0x08008614   0x00000014   Code   RO         7747    i.__mathlib_dbl_infnan2  m_wm.l(dunder.o)
    0x08008628   0x00000020   Code   RO         7748    i.__mathlib_dbl_invalid  m_wm.l(dunder.o)
    0x08008648   0x00000020   Code   RO         7749    i.__mathlib_dbl_overflow  m_wm.l(dunder.o)
    0x08008668   0x00000020   Code   RO         7751    i.__mathlib_dbl_underflow  m_wm.l(dunder.o)
    0x08008688   0x0000000c   Code   RO         7806    i.__read_errno      mc_w.l(errno.o)
    0x08008694   0x0000000e   Code   RO         7880    i.__scatterload_copy  mc_w.l(handlers.o)
    0x080086a2   0x00000002   Code   RO         7881    i.__scatterload_null  mc_w.l(handlers.o)
    0x080086a4   0x0000000e   Code   RO         7882    i.__scatterload_zeroinit  mc_w.l(handlers.o)
    0x080086b2   0x00000002   PAD
    0x080086b4   0x0000000c   Code   RO         7807    i.__set_errno       mc_w.l(errno.o)
    0x080086c0   0x00000164   Code   RO         7692    i._fp_digits        mc_w.l(printfa.o)
    0x08008824   0x0000000e   Code   RO         7861    i._is_digit         mc_w.l(scanf_fp.o)
    0x08008832   0x00000002   PAD
    0x08008834   0x000006dc   Code   RO         7693    i._printf_core      mc_w.l(printfa.o)
    0x08008f10   0x00000024   Code   RO         7694    i._printf_post_padding  mc_w.l(printfa.o)
    0x08008f34   0x0000002e   Code   RO         7695    i._printf_pre_padding  mc_w.l(printfa.o)
    0x08008f62   0x0000000a   Code   RO         7697    i._sputc            mc_w.l(printfa.o)
    0x08008f6c   0x00000010   Code   RO         6986    i.abs               transform_3d.o
    0x08008f7c   0x00000090   Code   RO         6286    i.accel_self_test   inv_mpu.o
    0x0800900c   0x00000010   Code   RO         7733    i.atan              m_wm.l(atan.o)
    0x0800901c   0x0000002c   Code   RO         6987    i.cos               transform_3d.o
    0x08009048   0x00000030   Code   RO         6212    i.delayUS_DWT       ds_18b20.o
    0x08009078   0x0000003a   Code   RO         6617    i.dmp_enable_6x_lp_quat  inv_mpu_dmp_motion_driver.o
    0x080090b2   0x00000002   PAD
    0x080090b4   0x000001d8   Code   RO         6618    i.dmp_enable_feature  inv_mpu_dmp_motion_driver.o
    0x0800928c   0x0000003c   Code   RO         6619    i.dmp_enable_gyro_cal  inv_mpu_dmp_motion_driver.o
    0x080092c8   0x0000003a   Code   RO         6620    i.dmp_enable_lp_quat  inv_mpu_dmp_motion_driver.o
    0x08009302   0x00000002   PAD
    0x08009304   0x00000014   Code   RO         6625    i.dmp_load_motion_driver_firmware  inv_mpu_dmp_motion_driver.o
    0x08009318   0x00000144   Code   RO         6626    i.dmp_read_fifo     inv_mpu_dmp_motion_driver.o
    0x0800945c   0x000000d8   Code   RO         6629    i.dmp_set_accel_bias  inv_mpu_dmp_motion_driver.o
    0x08009534   0x00000064   Code   RO         6630    i.dmp_set_fifo_rate  inv_mpu_dmp_motion_driver.o
    0x08009598   0x000000cc   Code   RO         6631    i.dmp_set_gyro_bias  inv_mpu_dmp_motion_driver.o
    0x08009664   0x0000010c   Code   RO         6633    i.dmp_set_orientation  inv_mpu_dmp_motion_driver.o
    0x08009770   0x00000030   Code   RO         6636    i.dmp_set_shake_reject_thresh  inv_mpu_dmp_motion_driver.o
    0x080097a0   0x00000020   Code   RO         6637    i.dmp_set_shake_reject_time  inv_mpu_dmp_motion_driver.o
    0x080097c0   0x00000020   Code   RO         6638    i.dmp_set_shake_reject_timeout  inv_mpu_dmp_motion_driver.o
    0x080097e0   0x00000040   Code   RO         6639    i.dmp_set_tap_axes  inv_mpu_dmp_motion_driver.o
    0x08009820   0x00000022   Code   RO         6640    i.dmp_set_tap_count  inv_mpu_dmp_motion_driver.o
    0x08009842   0x00000002   PAD
    0x08009844   0x00000160   Code   RO         6641    i.dmp_set_tap_thresh  inv_mpu_dmp_motion_driver.o
    0x080099a4   0x00000020   Code   RO         6642    i.dmp_set_tap_time  inv_mpu_dmp_motion_driver.o
    0x080099c4   0x00000020   Code   RO         6643    i.dmp_set_tap_time_multi  inv_mpu_dmp_motion_driver.o
    0x080099e4   0x00000020   Code   RO         6213    i.ds18b20_init      ds_18b20.o
    0x08009a04   0x00000040   Code   RO         6214    i.ds18b20_read      ds_18b20.o
    0x08009a44   0x00000018   Code   RO         7761    i.fabs              m_wm.l(fabs.o)
    0x08009a5c   0x00000018   Code   RO         7072    i.fputc             comm.o
    0x08009a74   0x000000b4   Code   RO         6289    i.get_accel_prod_shift  inv_mpu.o
    0x08009b28   0x00000314   Code   RO         6291    i.get_st_biases     inv_mpu.o
    0x08009e3c   0x000000d4   Code   RO         6292    i.gyro_self_test    inv_mpu.o
    0x08009f10   0x0000010c   Code   RO         6867    i.i2cRead           stm32_i2c.o
    0x0800a01c   0x00000054   Code   RO         6869    i.i2cWriteBuffer    stm32_i2c.o
    0x0800a070   0x00000012   Code   RO         6870    i.i2cread           stm32_i2c.o
    0x0800a082   0x00000012   Code   RO         6871    i.i2cwrite          stm32_i2c.o
    0x0800a094   0x00000048   Code   RO         6808    i.inv_row_2_scale   mpu6050.o
    0x0800a0dc   0x0000002e   Code   RO          537    i.main              main.o
    0x0800a10a   0x00000002   PAD
    0x0800a10c   0x00000054   Code   RO         6293    i.mpu_configure_fifo  inv_mpu.o
    0x0800a160   0x0000003c   Code   RO         6294    i.mpu_get_accel_fsr  inv_mpu.o
    0x0800a19c   0x00000044   Code   RO         6296    i.mpu_get_accel_sens  inv_mpu.o
    0x0800a1e0   0x00000034   Code   RO         6302    i.mpu_get_gyro_fsr  inv_mpu.o
    0x0800a214   0x0000004c   Code   RO         6304    i.mpu_get_gyro_sens  inv_mpu.o
    0x0800a260   0x00000038   Code   RO         6306    i.mpu_get_lpf       inv_mpu.o
    0x0800a298   0x0000001c   Code   RO         6308    i.mpu_get_sample_rate  inv_mpu.o
    0x0800a2b4   0x000001f0   Code   RO         6311    i.mpu_init          inv_mpu.o
    0x0800a4a4   0x000000a0   Code   RO         6312    i.mpu_load_firmware  inv_mpu.o
    0x0800a544   0x000000b8   Code   RO         6313    i.mpu_lp_accel_mode  inv_mpu.o
    0x0800a5fc   0x00000090   Code   RO         6316    i.mpu_read_fifo_stream  inv_mpu.o
    0x0800a68c   0x00000054   Code   RO         6317    i.mpu_read_mem      inv_mpu.o
    0x0800a6e0   0x00000160   Code   RO         6320    i.mpu_reset_fifo    inv_mpu.o
    0x0800a840   0x000000f0   Code   RO         6321    i.mpu_run_self_test  inv_mpu.o
    0x0800a930   0x00000068   Code   RO         6323    i.mpu_set_accel_fsr  inv_mpu.o
    0x0800a998   0x000000dc   Code   RO         6324    i.mpu_set_bypass    inv_mpu.o
    0x0800aa74   0x00000078   Code   RO         6326    i.mpu_set_dmp_state  inv_mpu.o
    0x0800aaec   0x0000006c   Code   RO         6327    i.mpu_set_gyro_fsr  inv_mpu.o
    0x0800ab58   0x00000064   Code   RO         6328    i.mpu_set_int_latched  inv_mpu.o
    0x0800abbc   0x0000006c   Code   RO         6330    i.mpu_set_lpf       inv_mpu.o
    0x0800ac28   0x00000080   Code   RO         6331    i.mpu_set_sample_rate  inv_mpu.o
    0x0800aca8   0x000000b8   Code   RO         6332    i.mpu_set_sensors   inv_mpu.o
    0x0800ad60   0x00000054   Code   RO         6333    i.mpu_write_mem     inv_mpu.o
    0x0800adb4   0x0000001a   Code   RO         4847    i.osDelay           cmsis_os2.o
    0x0800adce   0x0000000e   Code   RO         4859    i.osKernelGetTickCount  cmsis_os2.o
    0x0800addc   0x00000024   Code   RO         4861    i.osKernelInitialize  cmsis_os2.o
    0x0800ae00   0x00000038   Code   RO         4864    i.osKernelStart     cmsis_os2.o
    0x0800ae38   0x00000088   Code   RO         4906    i.osThreadNew       cmsis_os2.o
    0x0800aec0   0x0000005c   Code   RO         4306    i.prvAddCurrentTaskToDelayedList  tasks.o
    0x0800af1c   0x000000d0   Code   RO         4307    i.prvAddNewTaskToReadyList  tasks.o
    0x0800afec   0x00000058   Code   RO         4671    i.prvCheckForValidListAndQueue  timers.o
    0x0800b044   0x00000026   Code   RO         3903    i.prvCopyDataFromQueue  queue.o
    0x0800b06a   0x0000006c   Code   RO         3904    i.prvCopyDataToQueue  queue.o
    0x0800b0d6   0x00000034   Code   RO         4308    i.prvDeleteTCB      tasks.o
    0x0800b10a   0x00000002   PAD
    0x0800b10c   0x00000048   Code   RO         5358    i.prvHeapInit       heap_4.o
    0x0800b154   0x00000060   Code   RO         4309    i.prvIdleTask       tasks.o
    0x0800b1b4   0x00000022   Code   RO         3906    i.prvInitialiseNewQueue  queue.o
    0x0800b1d6   0x00000002   PAD
    0x0800b1d8   0x000000b0   Code   RO         4310    i.prvInitialiseNewTask  tasks.o
    0x0800b288   0x0000004c   Code   RO         5359    i.prvInsertBlockIntoFreeList  heap_4.o
    0x0800b2d4   0x00000038   Code   RO         4673    i.prvInsertTimerInActiveList  timers.o
    0x0800b30c   0x0000001c   Code   RO         3907    i.prvIsQueueEmpty   queue.o
    0x0800b328   0x000000fc   Code   RO         4674    i.prvProcessReceivedCommands  timers.o
    0x0800b424   0x000000c0   Code   RO         4675    i.prvProcessTimerOrBlockTask  timers.o
    0x0800b4e4   0x00000020   Code   RO         4312    i.prvResetNextTaskUnblockTime  tasks.o
    0x0800b504   0x00000028   Code   RO         4676    i.prvSampleTimeNow  timers.o
    0x0800b52c   0x0000006c   Code   RO         4677    i.prvSwitchTimerLists  timers.o
    0x0800b598   0x00000028   Code   RO         5414    i.prvTaskExitError  port.o
    0x0800b5c0   0x00000024   Code   RO         4678    i.prvTimerTask      timers.o
    0x0800b5e4   0x0000006a   Code   RO         3908    i.prvUnlockQueue    queue.o
    0x0800b64e   0x00000002   PAD
    0x0800b650   0x000000dc   Code   RO         5360    i.pvPortMalloc      heap_4.o
    0x0800b72c   0x0000002c   Code   RO         5415    i.pxPortInitialiseStack  port.o
    0x0800b758   0x000000d8   Code   RO         6809    i.run_self_test     mpu6050.o
    0x0800b830   0x00000058   Code   RO         6334    i.set_int_enable    inv_mpu.o
    0x0800b888   0x00000048   Code   RO         6988    i.sin               transform_3d.o
    0x0800b8d0   0x0000006e   Code   RO         7772    i.sqrt              m_wm.l(sqrt.o)
    0x0800b93e   0x00000002   PAD
    0x0800b940   0x00000050   Code   RO         6989    i.structure_3D      transform_3d.o
    0x0800b990   0x00000026   Code   RO         3863    i.uxListRemove      list.o
    0x0800b9b6   0x00000002   PAD
    0x0800b9b8   0x00000014   Code   RO         4918    i.vApplicationGetIdleTaskMemory  cmsis_os2.o
    0x0800b9cc   0x00000018   Code   RO         4919    i.vApplicationGetTimerTaskMemory  cmsis_os2.o
    0x0800b9e4   0x00000016   Code   RO         3864    i.vListInitialise   list.o
    0x0800b9fa   0x00000006   Code   RO         3865    i.vListInitialiseItem  list.o
    0x0800ba00   0x00000030   Code   RO         3866    i.vListInsert       list.o
    0x0800ba30   0x00000018   Code   RO         3867    i.vListInsertEnd    list.o
    0x0800ba48   0x00000040   Code   RO         5417    i.vPortEnterCritical  port.o
    0x0800ba88   0x00000028   Code   RO         5418    i.vPortExitCritical  port.o
    0x0800bab0   0x00000064   Code   RO         5361    i.vPortFree         heap_4.o
    0x0800bb14   0x00000024   Code   RO         5419    i.vPortSetupTimerInterrupt  port.o
    0x0800bb38   0x00000054   Code   RO         5420    i.vPortValidateInterruptPriority  port.o
    0x0800bb8c   0x00000028   Code   RO         3914    i.vQueueAddToRegistry  queue.o
    0x0800bbb4   0x00000044   Code   RO         3918    i.vQueueWaitForMessageRestricted  queue.o
    0x0800bbf8   0x0000004c   Code   RO         4325    i.vTaskDelay        tasks.o
    0x0800bc44   0x00000010   Code   RO         4330    i.vTaskInternalSetTimeOutState  tasks.o
    0x0800bc54   0x0000000c   Code   RO         4331    i.vTaskMissedYield  tasks.o
    0x0800bc60   0x00000030   Code   RO         4333    i.vTaskPlaceOnEventList  tasks.o
    0x0800bc90   0x00000038   Code   RO         4334    i.vTaskPlaceOnEventListRestricted  tasks.o
    0x0800bcc8   0x00000088   Code   RO         4342    i.vTaskStartScheduler  tasks.o
    0x0800bd50   0x00000010   Code   RO         4344    i.vTaskSuspendAll   tasks.o
    0x0800bd60   0x00000064   Code   RO         4345    i.vTaskSwitchContext  tasks.o
    0x0800bdc4   0x0000006a   Code   RO         6990    i.vector_matrix_MULTIPLY  transform_3d.o
    0x0800be2e   0x00000002   PAD
    0x0800be30   0x000000f4   Code   RO         5421    i.xPortStartScheduler  port.o
    0x0800bf24   0x0000002c   Code   RO         5422    i.xPortSysTickHandler  port.o
    0x0800bf50   0x00000066   Code   RO         3924    i.xQueueGenericCreateStatic  queue.o
    0x0800bfb6   0x00000002   PAD
    0x0800bfb8   0x00000088   Code   RO         3925    i.xQueueGenericReset  queue.o
    0x0800c040   0x00000160   Code   RO         3926    i.xQueueGenericSend  queue.o
    0x0800c1a0   0x000000be   Code   RO         3927    i.xQueueGenericSendFromISR  queue.o
    0x0800c25e   0x00000002   PAD
    0x0800c260   0x00000138   Code   RO         3936    i.xQueueReceive     queue.o
    0x0800c398   0x00000074   Code   RO         4347    i.xTaskCheckForTimeOut  tasks.o
    0x0800c40c   0x0000005a   Code   RO         4348    i.xTaskCreate       tasks.o
    0x0800c466   0x00000056   Code   RO         4349    i.xTaskCreateStatic  tasks.o
    0x0800c4bc   0x0000001c   Code   RO         4353    i.xTaskGetSchedulerState  tasks.o
    0x0800c4d8   0x0000000c   Code   RO         4354    i.xTaskGetTickCount  tasks.o
    0x0800c4e4   0x00000010   Code   RO         4355    i.xTaskGetTickCountFromISR  tasks.o
    0x0800c4f4   0x000000c8   Code   RO         4356    i.xTaskIncrementTick  tasks.o
    0x0800c5bc   0x00000080   Code   RO         4359    i.xTaskPriorityDisinherit  tasks.o
    0x0800c63c   0x00000070   Code   RO         4361    i.xTaskRemoveFromEventList  tasks.o
    0x0800c6ac   0x000000c4   Code   RO         4362    i.xTaskResumeAll    tasks.o
    0x0800c770   0x00000060   Code   RO         4687    i.xTimerCreateTimerTask  timers.o
    0x0800c7d0   0x00000068   Code   RO         4688    i.xTimerGenericCommand  timers.o
    0x0800c838   0x0000000c   Data   RO           10    .constdata          tnb.o
    0x0800c844   0x00000200   Data   RO           11    .constdata          tnb.o
    0x0800ca44   0x00000010   Data   RO           12    .constdata          tnb.o
    0x0800ca54   0x0000000c   Data   RO           29    .constdata          wyf.o
    0x0800ca60   0x00000200   Data   RO           30    .constdata          wyf.o
    0x0800cc60   0x00000010   Data   RO           31    .constdata          wyf.o
    0x0800cc70   0x00000010   Data   RO           40    .constdata          kaiti_16.o
    0x0800cc80   0x00000010   Data   RO           41    .constdata          kaiti_16.o
    0x0800cc90   0x00000010   Data   RO           42    .constdata          kaiti_16.o
    0x0800cca0   0x00000010   Data   RO           43    .constdata          kaiti_16.o
    0x0800ccb0   0x00000010   Data   RO           44    .constdata          kaiti_16.o
    0x0800ccc0   0x00000010   Data   RO           45    .constdata          kaiti_16.o
    0x0800ccd0   0x00000010   Data   RO           46    .constdata          kaiti_16.o
    0x0800cce0   0x00000010   Data   RO           47    .constdata          kaiti_16.o
    0x0800ccf0   0x00000010   Data   RO           48    .constdata          kaiti_16.o
    0x0800cd00   0x00000010   Data   RO           49    .constdata          kaiti_16.o
    0x0800cd10   0x00000010   Data   RO           50    .constdata          kaiti_16.o
    0x0800cd20   0x00000010   Data   RO           51    .constdata          kaiti_16.o
    0x0800cd30   0x00000010   Data   RO           52    .constdata          kaiti_16.o
    0x0800cd40   0x00000010   Data   RO           53    .constdata          kaiti_16.o
    0x0800cd50   0x00000010   Data   RO           54    .constdata          kaiti_16.o
    0x0800cd60   0x00000010   Data   RO           55    .constdata          kaiti_16.o
    0x0800cd70   0x00000010   Data   RO           56    .constdata          kaiti_16.o
    0x0800cd80   0x00000010   Data   RO           57    .constdata          kaiti_16.o
    0x0800cd90   0x00000010   Data   RO           58    .constdata          kaiti_16.o
    0x0800cda0   0x00000010   Data   RO           59    .constdata          kaiti_16.o
    0x0800cdb0   0x00000010   Data   RO           60    .constdata          kaiti_16.o
    0x0800cdc0   0x00000010   Data   RO           61    .constdata          kaiti_16.o
    0x0800cdd0   0x00000010   Data   RO           62    .constdata          kaiti_16.o
    0x0800cde0   0x00000010   Data   RO           63    .constdata          kaiti_16.o
    0x0800cdf0   0x00000010   Data   RO           64    .constdata          kaiti_16.o
    0x0800ce00   0x00000010   Data   RO           65    .constdata          kaiti_16.o
    0x0800ce10   0x00000010   Data   RO           66    .constdata          kaiti_16.o
    0x0800ce20   0x00000010   Data   RO           67    .constdata          kaiti_16.o
    0x0800ce30   0x00000010   Data   RO           68    .constdata          kaiti_16.o
    0x0800ce40   0x00000010   Data   RO           69    .constdata          kaiti_16.o
    0x0800ce50   0x00000010   Data   RO           70    .constdata          kaiti_16.o
    0x0800ce60   0x00000010   Data   RO           71    .constdata          kaiti_16.o
    0x0800ce70   0x00000010   Data   RO           72    .constdata          kaiti_16.o
    0x0800ce80   0x00000010   Data   RO           73    .constdata          kaiti_16.o
    0x0800ce90   0x00000010   Data   RO           74    .constdata          kaiti_16.o
    0x0800cea0   0x00000010   Data   RO           75    .constdata          kaiti_16.o
    0x0800ceb0   0x00000010   Data   RO           76    .constdata          kaiti_16.o
    0x0800cec0   0x00000010   Data   RO           77    .constdata          kaiti_16.o
    0x0800ced0   0x00000010   Data   RO           78    .constdata          kaiti_16.o
    0x0800cee0   0x00000010   Data   RO           79    .constdata          kaiti_16.o
    0x0800cef0   0x00000010   Data   RO           80    .constdata          kaiti_16.o
    0x0800cf00   0x00000010   Data   RO           81    .constdata          kaiti_16.o
    0x0800cf10   0x00000010   Data   RO           82    .constdata          kaiti_16.o
    0x0800cf20   0x00000010   Data   RO           83    .constdata          kaiti_16.o
    0x0800cf30   0x00000010   Data   RO           84    .constdata          kaiti_16.o
    0x0800cf40   0x00000010   Data   RO           85    .constdata          kaiti_16.o
    0x0800cf50   0x00000010   Data   RO           86    .constdata          kaiti_16.o
    0x0800cf60   0x00000010   Data   RO           87    .constdata          kaiti_16.o
    0x0800cf70   0x00000010   Data   RO           88    .constdata          kaiti_16.o
    0x0800cf80   0x00000010   Data   RO           89    .constdata          kaiti_16.o
    0x0800cf90   0x00000010   Data   RO           90    .constdata          kaiti_16.o
    0x0800cfa0   0x00000010   Data   RO           91    .constdata          kaiti_16.o
    0x0800cfb0   0x00000010   Data   RO           92    .constdata          kaiti_16.o
    0x0800cfc0   0x00000010   Data   RO           93    .constdata          kaiti_16.o
    0x0800cfd0   0x00000010   Data   RO           94    .constdata          kaiti_16.o
    0x0800cfe0   0x00000010   Data   RO           95    .constdata          kaiti_16.o
    0x0800cff0   0x00000010   Data   RO           96    .constdata          kaiti_16.o
    0x0800d000   0x00000010   Data   RO           97    .constdata          kaiti_16.o
    0x0800d010   0x00000010   Data   RO           98    .constdata          kaiti_16.o
    0x0800d020   0x00000010   Data   RO           99    .constdata          kaiti_16.o
    0x0800d030   0x00000010   Data   RO          100    .constdata          kaiti_16.o
    0x0800d040   0x00000010   Data   RO          101    .constdata          kaiti_16.o
    0x0800d050   0x00000010   Data   RO          102    .constdata          kaiti_16.o
    0x0800d060   0x00000010   Data   RO          103    .constdata          kaiti_16.o
    0x0800d070   0x00000010   Data   RO          104    .constdata          kaiti_16.o
    0x0800d080   0x00000010   Data   RO          105    .constdata          kaiti_16.o
    0x0800d090   0x00000010   Data   RO          106    .constdata          kaiti_16.o
    0x0800d0a0   0x00000010   Data   RO          107    .constdata          kaiti_16.o
    0x0800d0b0   0x00000010   Data   RO          108    .constdata          kaiti_16.o
    0x0800d0c0   0x00000010   Data   RO          109    .constdata          kaiti_16.o
    0x0800d0d0   0x00000010   Data   RO          110    .constdata          kaiti_16.o
    0x0800d0e0   0x00000010   Data   RO          111    .constdata          kaiti_16.o
    0x0800d0f0   0x00000010   Data   RO          112    .constdata          kaiti_16.o
    0x0800d100   0x00000010   Data   RO          113    .constdata          kaiti_16.o
    0x0800d110   0x00000010   Data   RO          114    .constdata          kaiti_16.o
    0x0800d120   0x00000010   Data   RO          115    .constdata          kaiti_16.o
    0x0800d130   0x00000010   Data   RO          116    .constdata          kaiti_16.o
    0x0800d140   0x00000010   Data   RO          117    .constdata          kaiti_16.o
    0x0800d150   0x00000010   Data   RO          118    .constdata          kaiti_16.o
    0x0800d160   0x00000010   Data   RO          119    .constdata          kaiti_16.o
    0x0800d170   0x00000010   Data   RO          120    .constdata          kaiti_16.o
    0x0800d180   0x00000010   Data   RO          121    .constdata          kaiti_16.o
    0x0800d190   0x00000010   Data   RO          122    .constdata          kaiti_16.o
    0x0800d1a0   0x00000010   Data   RO          123    .constdata          kaiti_16.o
    0x0800d1b0   0x00000010   Data   RO          124    .constdata          kaiti_16.o
    0x0800d1c0   0x00000010   Data   RO          125    .constdata          kaiti_16.o
    0x0800d1d0   0x00000010   Data   RO          126    .constdata          kaiti_16.o
    0x0800d1e0   0x00000010   Data   RO          127    .constdata          kaiti_16.o
    0x0800d1f0   0x00000010   Data   RO          128    .constdata          kaiti_16.o
    0x0800d200   0x00000010   Data   RO          129    .constdata          kaiti_16.o
    0x0800d210   0x00000010   Data   RO          130    .constdata          kaiti_16.o
    0x0800d220   0x00000010   Data   RO          131    .constdata          kaiti_16.o
    0x0800d230   0x00000010   Data   RO          132    .constdata          kaiti_16.o
    0x0800d240   0x00000010   Data   RO          133    .constdata          kaiti_16.o
    0x0800d250   0x00000010   Data   RO          134    .constdata          kaiti_16.o
    0x0800d260   0x00000010   Data   RO          135    .constdata          kaiti_16.o
    0x0800d270   0x00000020   Data   RO          136    .constdata          kaiti_16.o
    0x0800d290   0x00000020   Data   RO          137    .constdata          kaiti_16.o
    0x0800d2b0   0x00000020   Data   RO          138    .constdata          kaiti_16.o
    0x0800d2d0   0x00000020   Data   RO          139    .constdata          kaiti_16.o
    0x0800d2f0   0x00000020   Data   RO          140    .constdata          kaiti_16.o
    0x0800d310   0x00000020   Data   RO          141    .constdata          kaiti_16.o
    0x0800d330   0x00000020   Data   RO          142    .constdata          kaiti_16.o
    0x0800d350   0x00000020   Data   RO          143    .constdata          kaiti_16.o
    0x0800d370   0x00000020   Data   RO          144    .constdata          kaiti_16.o
    0x0800d390   0x00000020   Data   RO          145    .constdata          kaiti_16.o
    0x0800d3b0   0x00000020   Data   RO          146    .constdata          kaiti_16.o
    0x0800d3d0   0x00000020   Data   RO          147    .constdata          kaiti_16.o
    0x0800d3f0   0x00000020   Data   RO          148    .constdata          kaiti_16.o
    0x0800d410   0x00000020   Data   RO          149    .constdata          kaiti_16.o
    0x0800d430   0x00000020   Data   RO          150    .constdata          kaiti_16.o
    0x0800d450   0x00000020   Data   RO          151    .constdata          kaiti_16.o
    0x0800d470   0x00000020   Data   RO          152    .constdata          kaiti_16.o
    0x0800d490   0x00000020   Data   RO          153    .constdata          kaiti_16.o
    0x0800d4b0   0x00000020   Data   RO          154    .constdata          kaiti_16.o
    0x0800d4d0   0x00000020   Data   RO          155    .constdata          kaiti_16.o
    0x0800d4f0   0x00000020   Data   RO          156    .constdata          kaiti_16.o
    0x0800d510   0x00000020   Data   RO          157    .constdata          kaiti_16.o
    0x0800d530   0x00000020   Data   RO          158    .constdata          kaiti_16.o
    0x0800d550   0x00000020   Data   RO          159    .constdata          kaiti_16.o
    0x0800d570   0x00000020   Data   RO          160    .constdata          kaiti_16.o
    0x0800d590   0x00000020   Data   RO          161    .constdata          kaiti_16.o
    0x0800d5b0   0x00000020   Data   RO          162    .constdata          kaiti_16.o
    0x0800d5d0   0x00000020   Data   RO          163    .constdata          kaiti_16.o
    0x0800d5f0   0x00000020   Data   RO          164    .constdata          kaiti_16.o
    0x0800d610   0x00000020   Data   RO          165    .constdata          kaiti_16.o
    0x0800d630   0x00000020   Data   RO          166    .constdata          kaiti_16.o
    0x0800d650   0x00000020   Data   RO          167    .constdata          kaiti_16.o
    0x0800d670   0x00000020   Data   RO          168    .constdata          kaiti_16.o
    0x0800d690   0x00000408   Data   RO          169    .constdata          kaiti_16.o
    0x0800da98   0x0000000c   Data   RO          170    .constdata          kaiti_16.o
    0x0800daa4   0x0000000c   Data   RO          171    .constdata          kaiti_16.o
    0x0800dab0   0x0000000c   Data   RO          172    .constdata          kaiti_16.o
    0x0800dabc   0x0000000c   Data   RO          173    .constdata          kaiti_16.o
    0x0800dac8   0x0000000c   Data   RO          174    .constdata          kaiti_16.o
    0x0800dad4   0x0000000c   Data   RO          175    .constdata          kaiti_16.o
    0x0800dae0   0x0000000c   Data   RO          176    .constdata          kaiti_16.o
    0x0800daec   0x0000000c   Data   RO          177    .constdata          kaiti_16.o
    0x0800daf8   0x0000000c   Data   RO          178    .constdata          kaiti_16.o
    0x0800db04   0x0000000c   Data   RO          179    .constdata          kaiti_16.o
    0x0800db10   0x0000000c   Data   RO          180    .constdata          kaiti_16.o
    0x0800db1c   0x0000000c   Data   RO          181    .constdata          kaiti_16.o
    0x0800db28   0x0000000c   Data   RO          182    .constdata          kaiti_16.o
    0x0800db34   0x0000000c   Data   RO          183    .constdata          kaiti_16.o
    0x0800db40   0x0000000c   Data   RO          184    .constdata          kaiti_16.o
    0x0800db4c   0x0000000c   Data   RO          185    .constdata          kaiti_16.o
    0x0800db58   0x0000000c   Data   RO          186    .constdata          kaiti_16.o
    0x0800db64   0x0000000c   Data   RO          187    .constdata          kaiti_16.o
    0x0800db70   0x0000000c   Data   RO          188    .constdata          kaiti_16.o
    0x0800db7c   0x0000000c   Data   RO          189    .constdata          kaiti_16.o
    0x0800db88   0x0000000c   Data   RO          190    .constdata          kaiti_16.o
    0x0800db94   0x0000000c   Data   RO          191    .constdata          kaiti_16.o
    0x0800dba0   0x0000000c   Data   RO          192    .constdata          kaiti_16.o
    0x0800dbac   0x0000000c   Data   RO          193    .constdata          kaiti_16.o
    0x0800dbb8   0x0000000c   Data   RO          194    .constdata          kaiti_16.o
    0x0800dbc4   0x0000000c   Data   RO          195    .constdata          kaiti_16.o
    0x0800dbd0   0x0000000c   Data   RO          196    .constdata          kaiti_16.o
    0x0800dbdc   0x0000000c   Data   RO          197    .constdata          kaiti_16.o
    0x0800dbe8   0x0000000c   Data   RO          198    .constdata          kaiti_16.o
    0x0800dbf4   0x0000000c   Data   RO          199    .constdata          kaiti_16.o
    0x0800dc00   0x0000000c   Data   RO          200    .constdata          kaiti_16.o
    0x0800dc0c   0x0000000c   Data   RO          201    .constdata          kaiti_16.o
    0x0800dc18   0x0000000c   Data   RO          202    .constdata          kaiti_16.o
    0x0800dc24   0x0000000c   Data   RO          203    .constdata          kaiti_16.o
    0x0800dc30   0x00000020   Data   RO          204    .constdata          kaiti_16.o
    0x0800dc50   0x0000000c   Data   RO          217    .constdata          simsun_12.o
    0x0800dc5c   0x0000000c   Data   RO          218    .constdata          simsun_12.o
    0x0800dc68   0x0000000c   Data   RO          219    .constdata          simsun_12.o
    0x0800dc74   0x0000000c   Data   RO          220    .constdata          simsun_12.o
    0x0800dc80   0x0000000c   Data   RO          221    .constdata          simsun_12.o
    0x0800dc8c   0x0000000c   Data   RO          222    .constdata          simsun_12.o
    0x0800dc98   0x0000000c   Data   RO          223    .constdata          simsun_12.o
    0x0800dca4   0x0000000c   Data   RO          224    .constdata          simsun_12.o
    0x0800dcb0   0x0000000c   Data   RO          225    .constdata          simsun_12.o
    0x0800dcbc   0x0000000c   Data   RO          226    .constdata          simsun_12.o
    0x0800dcc8   0x0000000c   Data   RO          227    .constdata          simsun_12.o
    0x0800dcd4   0x0000000c   Data   RO          228    .constdata          simsun_12.o
    0x0800dce0   0x0000000c   Data   RO          229    .constdata          simsun_12.o
    0x0800dcec   0x0000000c   Data   RO          230    .constdata          simsun_12.o
    0x0800dcf8   0x0000000c   Data   RO          231    .constdata          simsun_12.o
    0x0800dd04   0x0000000c   Data   RO          232    .constdata          simsun_12.o
    0x0800dd10   0x0000000c   Data   RO          233    .constdata          simsun_12.o
    0x0800dd1c   0x0000000c   Data   RO          234    .constdata          simsun_12.o
    0x0800dd28   0x0000000c   Data   RO          235    .constdata          simsun_12.o
    0x0800dd34   0x0000000c   Data   RO          236    .constdata          simsun_12.o
    0x0800dd40   0x0000000c   Data   RO          237    .constdata          simsun_12.o
    0x0800dd4c   0x0000000c   Data   RO          238    .constdata          simsun_12.o
    0x0800dd58   0x0000000c   Data   RO          239    .constdata          simsun_12.o
    0x0800dd64   0x0000000c   Data   RO          240    .constdata          simsun_12.o
    0x0800dd70   0x0000000c   Data   RO          241    .constdata          simsun_12.o
    0x0800dd7c   0x0000000c   Data   RO          242    .constdata          simsun_12.o
    0x0800dd88   0x0000000c   Data   RO          243    .constdata          simsun_12.o
    0x0800dd94   0x0000000c   Data   RO          244    .constdata          simsun_12.o
    0x0800dda0   0x0000000c   Data   RO          245    .constdata          simsun_12.o
    0x0800ddac   0x0000000c   Data   RO          246    .constdata          simsun_12.o
    0x0800ddb8   0x0000000c   Data   RO          247    .constdata          simsun_12.o
    0x0800ddc4   0x0000000c   Data   RO          248    .constdata          simsun_12.o
    0x0800ddd0   0x0000000c   Data   RO          249    .constdata          simsun_12.o
    0x0800dddc   0x0000000c   Data   RO          250    .constdata          simsun_12.o
    0x0800dde8   0x0000000c   Data   RO          251    .constdata          simsun_12.o
    0x0800ddf4   0x0000000c   Data   RO          252    .constdata          simsun_12.o
    0x0800de00   0x0000000c   Data   RO          253    .constdata          simsun_12.o
    0x0800de0c   0x0000000c   Data   RO          254    .constdata          simsun_12.o
    0x0800de18   0x0000000c   Data   RO          255    .constdata          simsun_12.o
    0x0800de24   0x0000000c   Data   RO          256    .constdata          simsun_12.o
    0x0800de30   0x0000000c   Data   RO          257    .constdata          simsun_12.o
    0x0800de3c   0x0000000c   Data   RO          258    .constdata          simsun_12.o
    0x0800de48   0x0000000c   Data   RO          259    .constdata          simsun_12.o
    0x0800de54   0x0000000c   Data   RO          260    .constdata          simsun_12.o
    0x0800de60   0x0000000c   Data   RO          261    .constdata          simsun_12.o
    0x0800de6c   0x0000000c   Data   RO          262    .constdata          simsun_12.o
    0x0800de78   0x0000000c   Data   RO          263    .constdata          simsun_12.o
    0x0800de84   0x0000000c   Data   RO          264    .constdata          simsun_12.o
    0x0800de90   0x0000000c   Data   RO          265    .constdata          simsun_12.o
    0x0800de9c   0x0000000c   Data   RO          266    .constdata          simsun_12.o
    0x0800dea8   0x0000000c   Data   RO          267    .constdata          simsun_12.o
    0x0800deb4   0x0000000c   Data   RO          268    .constdata          simsun_12.o
    0x0800dec0   0x0000000c   Data   RO          269    .constdata          simsun_12.o
    0x0800decc   0x0000000c   Data   RO          270    .constdata          simsun_12.o
    0x0800ded8   0x0000000c   Data   RO          271    .constdata          simsun_12.o
    0x0800dee4   0x0000000c   Data   RO          272    .constdata          simsun_12.o
    0x0800def0   0x0000000c   Data   RO          273    .constdata          simsun_12.o
    0x0800defc   0x0000000c   Data   RO          274    .constdata          simsun_12.o
    0x0800df08   0x0000000c   Data   RO          275    .constdata          simsun_12.o
    0x0800df14   0x0000000c   Data   RO          276    .constdata          simsun_12.o
    0x0800df20   0x0000000c   Data   RO          277    .constdata          simsun_12.o
    0x0800df2c   0x0000000c   Data   RO          278    .constdata          simsun_12.o
    0x0800df38   0x0000000c   Data   RO          279    .constdata          simsun_12.o
    0x0800df44   0x0000000c   Data   RO          280    .constdata          simsun_12.o
    0x0800df50   0x0000000c   Data   RO          281    .constdata          simsun_12.o
    0x0800df5c   0x0000000c   Data   RO          282    .constdata          simsun_12.o
    0x0800df68   0x0000000c   Data   RO          283    .constdata          simsun_12.o
    0x0800df74   0x0000000c   Data   RO          284    .constdata          simsun_12.o
    0x0800df80   0x0000000c   Data   RO          285    .constdata          simsun_12.o
    0x0800df8c   0x0000000c   Data   RO          286    .constdata          simsun_12.o
    0x0800df98   0x0000000c   Data   RO          287    .constdata          simsun_12.o
    0x0800dfa4   0x0000000c   Data   RO          288    .constdata          simsun_12.o
    0x0800dfb0   0x0000000c   Data   RO          289    .constdata          simsun_12.o
    0x0800dfbc   0x0000000c   Data   RO          290    .constdata          simsun_12.o
    0x0800dfc8   0x0000000c   Data   RO          291    .constdata          simsun_12.o
    0x0800dfd4   0x0000000c   Data   RO          292    .constdata          simsun_12.o
    0x0800dfe0   0x0000000c   Data   RO          293    .constdata          simsun_12.o
    0x0800dfec   0x0000000c   Data   RO          294    .constdata          simsun_12.o
    0x0800dff8   0x0000000c   Data   RO          295    .constdata          simsun_12.o
    0x0800e004   0x0000000c   Data   RO          296    .constdata          simsun_12.o
    0x0800e010   0x0000000c   Data   RO          297    .constdata          simsun_12.o
    0x0800e01c   0x0000000c   Data   RO          298    .constdata          simsun_12.o
    0x0800e028   0x0000000c   Data   RO          299    .constdata          simsun_12.o
    0x0800e034   0x0000000c   Data   RO          300    .constdata          simsun_12.o
    0x0800e040   0x0000000c   Data   RO          301    .constdata          simsun_12.o
    0x0800e04c   0x0000000c   Data   RO          302    .constdata          simsun_12.o
    0x0800e058   0x0000000c   Data   RO          303    .constdata          simsun_12.o
    0x0800e064   0x0000000c   Data   RO          304    .constdata          simsun_12.o
    0x0800e070   0x0000000c   Data   RO          305    .constdata          simsun_12.o
    0x0800e07c   0x0000000c   Data   RO          306    .constdata          simsun_12.o
    0x0800e088   0x0000000c   Data   RO          307    .constdata          simsun_12.o
    0x0800e094   0x0000000c   Data   RO          308    .constdata          simsun_12.o
    0x0800e0a0   0x0000000c   Data   RO          309    .constdata          simsun_12.o
    0x0800e0ac   0x0000000c   Data   RO          310    .constdata          simsun_12.o
    0x0800e0b8   0x0000000c   Data   RO          311    .constdata          simsun_12.o
    0x0800e0c4   0x0000000c   Data   RO          312    .constdata          simsun_12.o
    0x0800e0d0   0x00000018   Data   RO          313    .constdata          simsun_12.o
    0x0800e0e8   0x00000018   Data   RO          314    .constdata          simsun_12.o
    0x0800e100   0x00000018   Data   RO          315    .constdata          simsun_12.o
    0x0800e118   0x00000018   Data   RO          316    .constdata          simsun_12.o
    0x0800e130   0x00000018   Data   RO          317    .constdata          simsun_12.o
    0x0800e148   0x00000018   Data   RO          318    .constdata          simsun_12.o
    0x0800e160   0x00000018   Data   RO          319    .constdata          simsun_12.o
    0x0800e178   0x00000018   Data   RO          320    .constdata          simsun_12.o
    0x0800e190   0x00000018   Data   RO          321    .constdata          simsun_12.o
    0x0800e1a8   0x00000018   Data   RO          322    .constdata          simsun_12.o
    0x0800e1c0   0x00000018   Data   RO          323    .constdata          simsun_12.o
    0x0800e1d8   0x00000018   Data   RO          324    .constdata          simsun_12.o
    0x0800e1f0   0x00000018   Data   RO          325    .constdata          simsun_12.o
    0x0800e208   0x00000018   Data   RO          326    .constdata          simsun_12.o
    0x0800e220   0x00000018   Data   RO          327    .constdata          simsun_12.o
    0x0800e238   0x00000018   Data   RO          328    .constdata          simsun_12.o
    0x0800e250   0x00000018   Data   RO          329    .constdata          simsun_12.o
    0x0800e268   0x00000018   Data   RO          330    .constdata          simsun_12.o
    0x0800e280   0x00000018   Data   RO          331    .constdata          simsun_12.o
    0x0800e298   0x00000018   Data   RO          332    .constdata          simsun_12.o
    0x0800e2b0   0x00000018   Data   RO          333    .constdata          simsun_12.o
    0x0800e2c8   0x00000018   Data   RO          334    .constdata          simsun_12.o
    0x0800e2e0   0x00000018   Data   RO          335    .constdata          simsun_12.o
    0x0800e2f8   0x00000018   Data   RO          336    .constdata          simsun_12.o
    0x0800e310   0x00000018   Data   RO          337    .constdata          simsun_12.o
    0x0800e328   0x00000018   Data   RO          338    .constdata          simsun_12.o
    0x0800e340   0x00000018   Data   RO          339    .constdata          simsun_12.o
    0x0800e358   0x00000018   Data   RO          340    .constdata          simsun_12.o
    0x0800e370   0x00000018   Data   RO          341    .constdata          simsun_12.o
    0x0800e388   0x00000018   Data   RO          342    .constdata          simsun_12.o
    0x0800e3a0   0x00000018   Data   RO          343    .constdata          simsun_12.o
    0x0800e3b8   0x00000018   Data   RO          344    .constdata          simsun_12.o
    0x0800e3d0   0x00000018   Data   RO          345    .constdata          simsun_12.o
    0x0800e3e8   0x00000018   Data   RO          346    .constdata          simsun_12.o
    0x0800e400   0x00000018   Data   RO          347    .constdata          simsun_12.o
    0x0800e418   0x00000018   Data   RO          348    .constdata          simsun_12.o
    0x0800e430   0x00000018   Data   RO          349    .constdata          simsun_12.o
    0x0800e448   0x00000018   Data   RO          350    .constdata          simsun_12.o
    0x0800e460   0x00000018   Data   RO          351    .constdata          simsun_12.o
    0x0800e478   0x00000018   Data   RO          352    .constdata          simsun_12.o
    0x0800e490   0x00000018   Data   RO          353    .constdata          simsun_12.o
    0x0800e4a8   0x00000018   Data   RO          354    .constdata          simsun_12.o
    0x0800e4c0   0x00000018   Data   RO          355    .constdata          simsun_12.o
    0x0800e4d8   0x00000018   Data   RO          356    .constdata          simsun_12.o
    0x0800e4f0   0x00000018   Data   RO          357    .constdata          simsun_12.o
    0x0800e508   0x00000018   Data   RO          358    .constdata          simsun_12.o
    0x0800e520   0x00000018   Data   RO          359    .constdata          simsun_12.o
    0x0800e538   0x00000018   Data   RO          360    .constdata          simsun_12.o
    0x0800e550   0x00000018   Data   RO          361    .constdata          simsun_12.o
    0x0800e568   0x00000018   Data   RO          362    .constdata          simsun_12.o
    0x0800e580   0x00000018   Data   RO          363    .constdata          simsun_12.o
    0x0800e598   0x00000018   Data   RO          364    .constdata          simsun_12.o
    0x0800e5b0   0x00000018   Data   RO          365    .constdata          simsun_12.o
    0x0800e5c8   0x00000018   Data   RO          366    .constdata          simsun_12.o
    0x0800e5e0   0x00000018   Data   RO          367    .constdata          simsun_12.o
    0x0800e5f8   0x00000018   Data   RO          368    .constdata          simsun_12.o
    0x0800e610   0x00000018   Data   RO          369    .constdata          simsun_12.o
    0x0800e628   0x00000018   Data   RO          370    .constdata          simsun_12.o
    0x0800e640   0x00000018   Data   RO          371    .constdata          simsun_12.o
    0x0800e658   0x00000018   Data   RO          372    .constdata          simsun_12.o
    0x0800e670   0x00000018   Data   RO          373    .constdata          simsun_12.o
    0x0800e688   0x00000018   Data   RO          374    .constdata          simsun_12.o
    0x0800e6a0   0x00000018   Data   RO          375    .constdata          simsun_12.o
    0x0800e6b8   0x00000018   Data   RO          376    .constdata          simsun_12.o
    0x0800e6d0   0x00000018   Data   RO          377    .constdata          simsun_12.o
    0x0800e6e8   0x00000018   Data   RO          378    .constdata          simsun_12.o
    0x0800e700   0x00000018   Data   RO          379    .constdata          simsun_12.o
    0x0800e718   0x00000018   Data   RO          380    .constdata          simsun_12.o
    0x0800e730   0x00000018   Data   RO          381    .constdata          simsun_12.o
    0x0800e748   0x00000018   Data   RO          382    .constdata          simsun_12.o
    0x0800e760   0x00000018   Data   RO          383    .constdata          simsun_12.o
    0x0800e778   0x00000018   Data   RO          384    .constdata          simsun_12.o
    0x0800e790   0x00000018   Data   RO          385    .constdata          simsun_12.o
    0x0800e7a8   0x00000018   Data   RO          386    .constdata          simsun_12.o
    0x0800e7c0   0x00000018   Data   RO          387    .constdata          simsun_12.o
    0x0800e7d8   0x00000018   Data   RO          388    .constdata          simsun_12.o
    0x0800e7f0   0x00000018   Data   RO          389    .constdata          simsun_12.o
    0x0800e808   0x00000018   Data   RO          390    .constdata          simsun_12.o
    0x0800e820   0x00000018   Data   RO          391    .constdata          simsun_12.o
    0x0800e838   0x00000018   Data   RO          392    .constdata          simsun_12.o
    0x0800e850   0x00000018   Data   RO          393    .constdata          simsun_12.o
    0x0800e868   0x00000018   Data   RO          394    .constdata          simsun_12.o
    0x0800e880   0x00000018   Data   RO          395    .constdata          simsun_12.o
    0x0800e898   0x00000018   Data   RO          396    .constdata          simsun_12.o
    0x0800e8b0   0x00000018   Data   RO          397    .constdata          simsun_12.o
    0x0800e8c8   0x00000018   Data   RO          398    .constdata          simsun_12.o
    0x0800e8e0   0x00000018   Data   RO          399    .constdata          simsun_12.o
    0x0800e8f8   0x00000018   Data   RO          400    .constdata          simsun_12.o
    0x0800e910   0x00000018   Data   RO          401    .constdata          simsun_12.o
    0x0800e928   0x00000018   Data   RO          402    .constdata          simsun_12.o
    0x0800e940   0x00000018   Data   RO          403    .constdata          simsun_12.o
    0x0800e958   0x00000018   Data   RO          404    .constdata          simsun_12.o
    0x0800e970   0x00000018   Data   RO          405    .constdata          simsun_12.o
    0x0800e988   0x00000018   Data   RO          406    .constdata          simsun_12.o
    0x0800e9a0   0x00000018   Data   RO          407    .constdata          simsun_12.o
    0x0800e9b8   0x00000018   Data   RO          408    .constdata          simsun_12.o
    0x0800e9d0   0x00000018   Data   RO          409    .constdata          simsun_12.o
    0x0800e9e8   0x00000018   Data   RO          410    .constdata          simsun_12.o
    0x0800ea00   0x00000018   Data   RO          411    .constdata          simsun_12.o
    0x0800ea18   0x00000018   Data   RO          412    .constdata          simsun_12.o
    0x0800ea30   0x00000018   Data   RO          413    .constdata          simsun_12.o
    0x0800ea48   0x00000018   Data   RO          414    .constdata          simsun_12.o
    0x0800ea60   0x00000018   Data   RO          415    .constdata          simsun_12.o
    0x0800ea78   0x00000018   Data   RO          416    .constdata          simsun_12.o
    0x0800ea90   0x00000018   Data   RO          417    .constdata          simsun_12.o
    0x0800eaa8   0x00000018   Data   RO          418    .constdata          simsun_12.o
    0x0800eac0   0x00000018   Data   RO          419    .constdata          simsun_12.o
    0x0800ead8   0x00000658   Data   RO          420    .constdata          simsun_12.o
    0x0800f130   0x0000000c   Data   RO          421    .constdata          simsun_12.o
    0x0800f13c   0x0000000c   Data   RO          422    .constdata          simsun_12.o
    0x0800f148   0x0000000c   Data   RO          423    .constdata          simsun_12.o
    0x0800f154   0x0000000c   Data   RO          424    .constdata          simsun_12.o
    0x0800f160   0x0000000c   Data   RO          425    .constdata          simsun_12.o
    0x0800f16c   0x0000000c   Data   RO          426    .constdata          simsun_12.o
    0x0800f178   0x0000000c   Data   RO          427    .constdata          simsun_12.o
    0x0800f184   0x0000000c   Data   RO          428    .constdata          simsun_12.o
    0x0800f190   0x0000000c   Data   RO          429    .constdata          simsun_12.o
    0x0800f19c   0x0000000c   Data   RO          430    .constdata          simsun_12.o
    0x0800f1a8   0x0000000c   Data   RO          431    .constdata          simsun_12.o
    0x0800f1b4   0x0000000c   Data   RO          432    .constdata          simsun_12.o
    0x0800f1c0   0x0000000c   Data   RO          433    .constdata          simsun_12.o
    0x0800f1cc   0x0000000c   Data   RO          434    .constdata          simsun_12.o
    0x0800f1d8   0x0000000c   Data   RO          435    .constdata          simsun_12.o
    0x0800f1e4   0x0000000c   Data   RO          436    .constdata          simsun_12.o
    0x0800f1f0   0x0000000c   Data   RO          437    .constdata          simsun_12.o
    0x0800f1fc   0x0000000c   Data   RO          438    .constdata          simsun_12.o
    0x0800f208   0x0000000c   Data   RO          439    .constdata          simsun_12.o
    0x0800f214   0x0000000c   Data   RO          440    .constdata          simsun_12.o
    0x0800f220   0x0000000c   Data   RO          441    .constdata          simsun_12.o
    0x0800f22c   0x0000000c   Data   RO          442    .constdata          simsun_12.o
    0x0800f238   0x0000000c   Data   RO          443    .constdata          simsun_12.o
    0x0800f244   0x0000000c   Data   RO          444    .constdata          simsun_12.o
    0x0800f250   0x0000000c   Data   RO          445    .constdata          simsun_12.o
    0x0800f25c   0x0000000c   Data   RO          446    .constdata          simsun_12.o
    0x0800f268   0x0000000c   Data   RO          447    .constdata          simsun_12.o
    0x0800f274   0x0000000c   Data   RO          448    .constdata          simsun_12.o
    0x0800f280   0x0000000c   Data   RO          449    .constdata          simsun_12.o
    0x0800f28c   0x0000000c   Data   RO          450    .constdata          simsun_12.o
    0x0800f298   0x0000000c   Data   RO          451    .constdata          simsun_12.o
    0x0800f2a4   0x0000000c   Data   RO          452    .constdata          simsun_12.o
    0x0800f2b0   0x0000000c   Data   RO          453    .constdata          simsun_12.o
    0x0800f2bc   0x0000000c   Data   RO          454    .constdata          simsun_12.o
    0x0800f2c8   0x0000000c   Data   RO          455    .constdata          simsun_12.o
    0x0800f2d4   0x0000000c   Data   RO          456    .constdata          simsun_12.o
    0x0800f2e0   0x0000000c   Data   RO          457    .constdata          simsun_12.o
    0x0800f2ec   0x0000000c   Data   RO          458    .constdata          simsun_12.o
    0x0800f2f8   0x0000000c   Data   RO          459    .constdata          simsun_12.o
    0x0800f304   0x0000000c   Data   RO          460    .constdata          simsun_12.o
    0x0800f310   0x0000000c   Data   RO          461    .constdata          simsun_12.o
    0x0800f31c   0x0000000c   Data   RO          462    .constdata          simsun_12.o
    0x0800f328   0x0000000c   Data   RO          463    .constdata          simsun_12.o
    0x0800f334   0x0000000c   Data   RO          464    .constdata          simsun_12.o
    0x0800f340   0x0000000c   Data   RO          465    .constdata          simsun_12.o
    0x0800f34c   0x0000000c   Data   RO          466    .constdata          simsun_12.o
    0x0800f358   0x0000000c   Data   RO          467    .constdata          simsun_12.o
    0x0800f364   0x0000000c   Data   RO          468    .constdata          simsun_12.o
    0x0800f370   0x0000000c   Data   RO          469    .constdata          simsun_12.o
    0x0800f37c   0x0000000c   Data   RO          470    .constdata          simsun_12.o
    0x0800f388   0x0000000c   Data   RO          471    .constdata          simsun_12.o
    0x0800f394   0x0000000c   Data   RO          472    .constdata          simsun_12.o
    0x0800f3a0   0x0000000c   Data   RO          473    .constdata          simsun_12.o
    0x0800f3ac   0x0000000c   Data   RO          474    .constdata          simsun_12.o
    0x0800f3b8   0x0000000c   Data   RO          475    .constdata          simsun_12.o
    0x0800f3c4   0x0000000c   Data   RO          476    .constdata          simsun_12.o
    0x0800f3d0   0x0000000c   Data   RO          477    .constdata          simsun_12.o
    0x0800f3dc   0x0000000c   Data   RO          478    .constdata          simsun_12.o
    0x0800f3e8   0x0000000c   Data   RO          479    .constdata          simsun_12.o
    0x0800f3f4   0x0000000c   Data   RO          480    .constdata          simsun_12.o
    0x0800f400   0x0000000c   Data   RO          481    .constdata          simsun_12.o
    0x0800f40c   0x0000000c   Data   RO          482    .constdata          simsun_12.o
    0x0800f418   0x0000000c   Data   RO          483    .constdata          simsun_12.o
    0x0800f424   0x0000000c   Data   RO          484    .constdata          simsun_12.o
    0x0800f430   0x0000000c   Data   RO          485    .constdata          simsun_12.o
    0x0800f43c   0x0000000c   Data   RO          486    .constdata          simsun_12.o
    0x0800f448   0x0000000c   Data   RO          487    .constdata          simsun_12.o
    0x0800f454   0x0000000c   Data   RO          488    .constdata          simsun_12.o
    0x0800f460   0x0000000c   Data   RO          489    .constdata          simsun_12.o
    0x0800f46c   0x0000000c   Data   RO          490    .constdata          simsun_12.o
    0x0800f478   0x0000000c   Data   RO          491    .constdata          simsun_12.o
    0x0800f484   0x0000000c   Data   RO          492    .constdata          simsun_12.o
    0x0800f490   0x0000000c   Data   RO          493    .constdata          simsun_12.o
    0x0800f49c   0x0000000c   Data   RO          494    .constdata          simsun_12.o
    0x0800f4a8   0x0000000c   Data   RO          495    .constdata          simsun_12.o
    0x0800f4b4   0x0000000c   Data   RO          496    .constdata          simsun_12.o
    0x0800f4c0   0x0000000c   Data   RO          497    .constdata          simsun_12.o
    0x0800f4cc   0x0000000c   Data   RO          498    .constdata          simsun_12.o
    0x0800f4d8   0x0000000c   Data   RO          499    .constdata          simsun_12.o
    0x0800f4e4   0x0000000c   Data   RO          500    .constdata          simsun_12.o
    0x0800f4f0   0x0000000c   Data   RO          501    .constdata          simsun_12.o
    0x0800f4fc   0x0000000c   Data   RO          502    .constdata          simsun_12.o
    0x0800f508   0x0000000c   Data   RO          503    .constdata          simsun_12.o
    0x0800f514   0x0000000c   Data   RO          504    .constdata          simsun_12.o
    0x0800f520   0x0000000c   Data   RO          505    .constdata          simsun_12.o
    0x0800f52c   0x0000000c   Data   RO          506    .constdata          simsun_12.o
    0x0800f538   0x0000000c   Data   RO          507    .constdata          simsun_12.o
    0x0800f544   0x0000000c   Data   RO          508    .constdata          simsun_12.o
    0x0800f550   0x0000000c   Data   RO          509    .constdata          simsun_12.o
    0x0800f55c   0x0000000c   Data   RO          510    .constdata          simsun_12.o
    0x0800f568   0x0000000c   Data   RO          511    .constdata          simsun_12.o
    0x0800f574   0x0000000c   Data   RO          512    .constdata          simsun_12.o
    0x0800f580   0x0000000c   Data   RO          513    .constdata          simsun_12.o
    0x0800f58c   0x0000000c   Data   RO          514    .constdata          simsun_12.o
    0x0800f598   0x0000000c   Data   RO          515    .constdata          simsun_12.o
    0x0800f5a4   0x0000000c   Data   RO          516    .constdata          simsun_12.o
    0x0800f5b0   0x0000000c   Data   RO          517    .constdata          simsun_12.o
    0x0800f5bc   0x0000000c   Data   RO          518    .constdata          simsun_12.o
    0x0800f5c8   0x0000000c   Data   RO          519    .constdata          simsun_12.o
    0x0800f5d4   0x0000000c   Data   RO          520    .constdata          simsun_12.o
    0x0800f5e0   0x0000000c   Data   RO          521    .constdata          simsun_12.o
    0x0800f5ec   0x00000020   Data   RO          522    .constdata          simsun_12.o
    0x0800f60c   0x00000010   Data   RO          725    .constdata          gpio.o
    0x0800f61c   0x000000b4   Data   RO          793    .constdata          freertos.o
    0x0800f6d0   0x00000008   Data   RO         1712    .constdata          stm32f4xx_hal_dma.o
    0x0800f6d8   0x00000010   Data   RO         3702    .constdata          system_stm32f4xx.o
    0x0800f6e8   0x00000008   Data   RO         3703    .constdata          system_stm32f4xx.o
    0x0800f6f0   0x000002f8   Data   RO         5490    .constdata          f08_ascii.o
    0x0800f9e8   0x000002f8   Data   RO         5491    .constdata          f08_ascii.o
    0x0800fce0   0x0000000c   Data   RO         5492    .constdata          f08_ascii.o
    0x0800fcec   0x00000020   Data   RO         5493    .constdata          f08_ascii.o
    0x0800fd0c   0x0000000c   Data   RO         6335    .constdata          inv_mpu.o
    0x0800fd18   0x0000001b   Data   RO         6336    .constdata          inv_mpu.o
    0x0800fd33   0x00000001   PAD
    0x0800fd34   0x00000028   Data   RO         6337    .constdata          inv_mpu.o
    0x0800fd5c   0x00000bf6   Data   RO         6645    .constdata          inv_mpu_dmp_motion_driver.o
    0x08010952   0x00000002   PAD
    0x08010954   0x00000060   Data   RO         6947    .constdata          3d_rotateapplication.o
    0x080109b4   0x00000004   PAD
    0x080109b8   0x00000050   Data   RO         7386    .constdata          m_wm.l(asin.o)
    0x08010a08   0x00000088   Data   RO         7418    .constdata          m_wm.l(pow.o)
    0x08010a90   0x00000098   Data   RO         7734    .constdata          m_wm.l(atan.o)
    0x08010b28   0x00000008   Data   RO         7769    .constdata          m_wm.l(qnan.o)
    0x08010b30   0x00000081   Data   RO         7832    .constdata          mc_w.l(ctype_o.o)
    0x08010bb1   0x00000003   PAD
    0x08010bb4   0x00000004   Data   RO         7833    .constdata          mc_w.l(ctype_o.o)
    0x08010bb8   0x00000034   Data   RO          794    .conststring        freertos.o
    0x08010bec   0x0000004d   Data   RO         6338    .conststring        inv_mpu.o
    0x08010c39   0x00000003   PAD
    0x08010c3c   0x00000020   Data   RO         7878    Region$$Table       anon$$obj.o


    Execution Region RW_IRAM2 (Base: 0x10000000, Size: 0x00000000, Max: 0x00010000, ABSOLUTE)

    **** No section assigned to this execution region ****


    Execution Region RW_IRAM1 (Base: 0x20000000, Size: 0x0000b018, Max: 0x00020000, ABSOLUTE, COMPRESSED[0x00000098])

    Base Addr    Size         Type   Attr      Idx    E Section Name        Object

    0x20000000   0x00000003   Data   RW          726    .data               gpio.o
    0x20000003   0x00000001   PAD
    0x20000004   0x000000f4   Data   RW          795    .data               freertos.o
    0x200000f8   0x0000000c   Data   RW         2139    .data               stm32f4xx_hal.o
    0x20000104   0x00000004   Data   RW         3704    .data               system_stm32f4xx.o
    0x20000108   0x0000003c   Data   RW         4365    .data               tasks.o
    0x20000144   0x00000014   Data   RW         4696    .data               timers.o
    0x20000158   0x00000004   Data   RW         4921    .data               cmsis_os2.o
    0x2000015c   0x00000020   Data   RW         5367    .data               heap_4.o
    0x2000017c   0x0000000c   Data   RW         5423    .data               port.o
    0x20000188   0x00000001   Data   RW         5596    .data               guislim.o
    0x20000189   0x00000001   PAD
    0x2000018a   0x00000006   Data   RW         6048    .data               ssd1306.o
    0x20000190   0x0000002c   Data   RW         6339    .data               inv_mpu.o
    0x200001bc   0x00000031   Data   RW         6810    .data               mpu6050.o
    0x200001ed   0x00000003   PAD
    0x200001f0   0x00000004   Data   RW         7074    .data               comm.o
    0x200001f4   0x00000008   Data   RW         7283    .data               hc05.o
    0x200001fc   0x00000004   Data   RW         7796    .data               mc_w.l(stdout.o)
    0x20000200   0x00000004   Data   RW         7808    .data               mc_w.l(errno.o)
    0x20000204   0x00000500   Zero   RW          792    .bss                freertos.o
    0x20000704   0x00000048   Zero   RW          977    .bss                tim.o
    0x2000074c   0x000001ec   Zero   RW         1026    .bss                usart.o
    0x20000938   0x00000048   Zero   RW         1202    .bss                stm32f4xx_hal_timebase_tim.o
    0x20000980   0x00000040   Zero   RW         3940    .bss                queue.o
    0x200009c0   0x000004c4   Zero   RW         4364    .bss                tasks.o
    0x20000e84   0x00000118   Zero   RW         4695    .bss                timers.o
    0x20000f9c   0x000006b8   Zero   RW         4920    .bss                cmsis_os2.o
    0x20001654   0x00007530   Zero   RW         5366    .bss                heap_4.o
    0x20008b84   0x00000020   Zero   RW         5595    .bss                guislim.o
    0x20008ba4   0x00000400   Zero   RW         6047    .bss                ssd1306.o
    0x20008fa4   0x00000010   Zero   RW         6644    .bss                inv_mpu_dmp_motion_driver.o
    0x20008fb4   0x00000800   Zero   RW         7073    .bss                comm.o
    0x200097b4   0x00001460   Zero   RW         7282    .bss                hc05.o
    0x2000ac14   0x00000004   PAD
    0x2000ac18   0x00000400   Zero   RW            1    STACK               startup_stm32f407xx.o


==============================================================================

Image component sizes


      Code (inc. data)   RO Data    RW Data    ZI Data      Debug   Object Name

       498          6         96          0          0       3008   3d_rotateapplication.o
       338         22          0          4       1720      65262   cmsis_os2.o
       238         44          0          4       2048       3268   comm.o
        92          4          0          0          0        774   dma.o
       662         54          0          0          0       6395   ds_18b20.o
         0          0          0          0          0      17844   event_groups.o
         0          0       1564          0          0       8614   f08_ascii.o
      6222       1192        232        244       1280      17575   freertos.o
       868         52         16          3          0       3285   gpio.o
      1820        122          0          1         32      34157   guislim.o
      1230        208          0          8       5216       8157   hc05.o
       468         22          0         32      30000       4703   heap_4.o
      4652        358        156         44          0      26669   inv_mpu.o
      2406        136       3062          0         16      19850   inv_mpu_dmp_motion_driver.o
         0          0       4064          0          0      20050   kaiti_16.o
       138          0          0          0          0       3386   list.o
       218         16          0          0          0     699480   main.o
      1680        810          0         49          0       4297   mpu6050.o
       786         82          0         12          0      11177   port.o
      1514         20          0          0         64      17016   queue.o
         0          0       6588          0          0      22746   simsun_12.o
       882         26          0          6       1024      14132   ssd1306.o
       274         20          0          0          0       3236   ssd1306_i2c.o
        36          8        392          0       1024        808   startup_stm32f407xx.o
       758         26          0          0          0       6620   stm32_i2c.o
       116         18          0         12          0       8534   stm32f4xx_hal.o
       158         14          0          0          0      33026   stm32f4xx_hal_cortex.o
      1080         16          8          0          0       7106   stm32f4xx_hal_dma.o
       512         44          0          0          0       2735   stm32f4xx_hal_gpio.o
        56          4          0          0          0        814   stm32f4xx_hal_msp.o
      1408         82          0          0          0       5709   stm32f4xx_hal_rcc.o
      2252        176          0          0          0      17566   stm32f4xx_hal_tim.o
       148         28          0          0          0       2345   stm32f4xx_hal_tim_ex.o
       116         16          0          0         72       1339   stm32f4xx_hal_timebase_tim.o
      1870         30          0          0          0      14797   stm32f4xx_hal_uart.o
       120         42          0          0          0       5841   stm32f4xx_it.o
         0          0          0          0          0        392   stream_buffer.o
        16          4         24          4          0       1043   system_stm32f4xx.o
      2100        172          0         60       1220      26815   tasks.o
       276         30          0          0         72       2228   tim.o
       972         80          0         20        280      31683   timers.o
         0          0        540          0          0      11442   tnb.o
      1300         68          0          0          0       8863   transform_3d.o
       608         62          0          0        492       3289   usart.o
         0          0        540          0          0        528   wyf.o

    ----------------------------------------------------------------------
     38960       4114      17324        508      44564    1208604   Object Totals
         0          0         32          0          0          0   (incl. Generated)
        72          0         10          5          4          0   (incl. Padding)

    ----------------------------------------------------------------------

      Code (inc. data)   RO Data    RW Data    ZI Data      Debug   Library Member Name

       864         94         80          0          0        280   asin.o
       744        106        152          0          0        352   atan.o
       496         64          0          0          0        192   atan2.o
        56         12          0          0          0        132   atof.o
       184         44          0          0          0        744   dunder.o
        24          0          0          0          0        124   fabs.o
        48          0          0          0          0        124   fpclassify.o
       248          0          0          0          0        152   poly.o
      3152        296        136          0          0        352   pow.o
         0          0          8          0          0          0   qnan.o
       110          0          0          0          0        148   sqrt.o
        86          0          0          0          0          0   __dczerorl2.o
        28          0          0          0          0         68   _chval.o
        64          0          0          0          0         84   _sgetc.o
       158          0          0          0          0         92   _strtoul.o
        26          0          0          0          0         80   atoi.o
         8          4        133          0          0         68   ctype_o.o
         0          0          0          0          0          0   entry.o
         0          0          0          0          0          0   entry10a.o
         0          0          0          0          0          0   entry11a.o
         8          4          0          0          0          0   entry2.o
         4          0          0          0          0          0   entry5.o
         0          0          0          0          0          0   entry7b.o
         0          0          0          0          0          0   entry8b.o
         8          4          0          0          0          0   entry9a.o
        32         16          0          4          0        204   errno.o
        30          0          0          0          0          0   handlers.o
        36          8          0          0          0         68   init.o
        18          0          0          0          0         76   isspace_o.o
         0          0          0          0          0          0   iusefp.o
        98          0          0          0          0         84   ldiv.o
        30          0          0          0          0         68   llshl.o
        36          0          0          0          0         68   llsshr.o
        32          0          0          0          0         68   llushr.o
        26          0          0          0          0         80   memcmp.o
        36          0          0          0          0         68   memcpya.o
        36          0          0          0          0        108   memseta.o
      2276         96          0          0          0        596   printfa.o
       838         12          0          0          0        216   scanf_fp.o
         0          0          0          4          0          0   stdout.o
        14          0          0          0          0         68   strlen.o
        24          0          0          0          0         76   strncpy.o
        36          0          0          0          0         80   strstr.o
       156         14          0          0          0        120   strtod.o
       112          0          0          0          0         88   strtol.o
        44          0          0          0          0         80   uidiv.o
        98          0          0          0          0         92   uldiv.o
        48          0          0          0          0         68   cdrcmple.o
        56          0          0          0          0         88   d2f.o
       334          0          0          0          0        148   dadd.o
       222          0          0          0          0        100   ddiv.o
       186          0          0          0          0        176   depilogue.o
        48          0          0          0          0         68   dfixul.o
        34          0          0          0          0         76   dflti.o
        26          0          0          0          0         76   dfltui.o
        24          0          0          0          0         76   dfltul.o
       228          0          0          0          0         96   dmul.o
        46          0          0          0          0         80   dscalb.o
       162          0          0          0          0        100   dsqrt.o
        38          0          0          0          0         68   f2d.o
       110          0          0          0          0        168   fepilogue.o

    ----------------------------------------------------------------------
     11904        778        512          8          0       6688   Library Totals
        18          4          3          0          0          0   (incl. Padding)

    ----------------------------------------------------------------------

      Code (inc. data)   RO Data    RW Data    ZI Data      Debug   Library Name

      5926        616        376          0          0       2600   m_wm.l
      4398        158        133          8          0       2700   mc_w.l
      1562          0          0          0          0       1388   mf_w.l

    ----------------------------------------------------------------------
     11904        778        512          8          0       6688   Library Totals

    ----------------------------------------------------------------------

==============================================================================


      Code (inc. data)   RO Data    RW Data    ZI Data      Debug   

     50864       4892      17836        516      44564    1179440   Grand Totals
     50864       4892      17836        152      44564    1179440   ELF Image Totals (compressed)
     50864       4892      17836        152          0          0   ROM Totals

==============================================================================

    Total RO  Size (Code + RO Data)                68700 (  67.09kB)
    Total RW  Size (RW Data + ZI Data)             45080 (  44.02kB)
    Total ROM Size (Code + RO Data + RW Data)      68852 (  67.24kB)

==============================================================================

